--------- beginning of crash
09-29 19:16:26.028  3546  3600 F libc    : Fatal signal 6 (SIGABRT), code -1 (SI_QUEUE) in tid 3600 (mqt_v_js), pid 3546 (system.showcase)
09-29 19:16:26.910  4638  4638 F DEBUG   : *** *** *** *** *** *** *** *** *** *** *** *** *** *** *** ***
09-29 19:16:26.910  4638  4638 F DEBUG   : Build fingerprint: 'google/sdk_gphone64_arm64/emu64a:16/BE2A.250530.026.D1/13818094:user/release-keys'
09-29 19:16:26.910  4638  4638 F DEBUG   : Revision: '0'
09-29 19:16:26.910  4638  4638 F DEBUG   : ABI: 'arm64'
09-29 19:16:26.910  4638  4638 F DEBUG   : Timestamp: 2026-09-29 19:16:26.176700449+0900
09-29 19:16:26.910  4638  4638 F DEBUG   : Process uptime: 683s
09-29 19:16:26.910  4638  4638 F DEBUG   : Cmdline: dev.hjm.designsystem.showcase
09-29 19:16:26.910  4638  4638 F DEBUG   : pid: 3546, tid: 3600, name: mqt_v_js  >>> dev.hjm.designsystem.showcase <<<
09-29 19:16:26.910  4638  4638 F DEBUG   : uid: 10215
09-29 19:16:26.910  4638  4638 F DEBUG   : tagged_addr_ctrl: 0000000000000001 (PR_TAGGED_ADDR_ENABLE)
09-29 19:16:26.910  4638  4638 F DEBUG   : pac_enabled_keys: 000000000000000f (PR_PAC_APIAKEY, PR_PAC_APIBKEY, PR_PAC_APDAKEY, PR_PAC_APDBKEY)
09-29 19:16:26.910  4638  4638 F DEBUG   : signal 6 (SIGABRT), code -1 (SI_QUEUE), fault addr --------
09-29 19:16:26.910  4638  4638 F DEBUG   : Abort message: '/__w/react-native/react-native/packages/react-native/ReactCommon/react/renderer/components/view/YogaLayoutableShadowNode.cpp:709: function layout: assertion failed (YGNodeGetOwner(childYogaNode) == &yogaNode_)'
09-29 19:16:26.910  4638  4638 F DEBUG   :     x0  0000000000000000  x1  0000000000000e10  x2  0000000000000006  x3  0000007afbff3110
09-29 19:16:26.910  4638  4638 F DEBUG   :     x4  626f1f3738221f39  x5  626f1f3738221f39  x6  626f1f3738221f39  x7  7f7f7f7f7f7f7f7f
09-29 19:16:26.910  4638  4638 F DEBUG   :     x8  00000000000000f0  x9  739b7a7466040019  x10 000000ff00000020  x11 0000000030d223dd
09-29 19:16:26.910  4638  4638 F DEBUG   :     x12 000000000012800c  x13 0000007ede501000  x14 0000007ede880cb8  x15 0000035ae75cf20b
09-29 19:16:26.910  4638  4638 F DEBUG   :     x16 0000007ede4f80f8  x17 0000007ede4df140  x18 0000007afbbf0000  x19 0000000000000dda
09-29 19:16:26.910  4638  4638 F DEBUG   :     x20 0000000000000e10  x21 00000000ffffffff  x22 0000007c3a20d000  x23 0000007c3a20ee20
09-29 19:16:26.910  4638  4638 F DEBUG   :     x24 0000007af505d9c0  x25 0000007afbff5fa8  x26 0000000000000002  x27 b400007d2e6bc6c0
09-29 19:16:26.910  4638  4638 F DEBUG   :     x28 b400007d2e6b9d5d  x29 0000007afbff3190
09-29 19:16:26.910  4638  4638 F DEBUG   :     lr  0000007ede47d78c  sp  0000007afbff3110  pc  0000007ede47d7b0  pst 0000000000001000
09-29 19:16:26.910  4638  4638 F DEBUG   : 108 total frames
09-29 19:16:26.910  4638  4638 F DEBUG   : backtrace:
09-29 19:16:26.910  4638  4638 F DEBUG   :       #00 pc 00000000000707b0  /apex/com.android.runtime/lib64/bionic/libc.so (abort+156) (BuildId: 2445fc73ede03b9536eef49355aff375)
09-29 19:16:26.910  4638  4638 F DEBUG   :       #01 pc 00000000008a14a4  /apex/com.android.art/lib64/libart.so (art::Runtime::Abort(char const*)+476) (BuildId: b229f9d1b6196afaae086f29f029f907)
09-29 19:16:26.910  4638  4638 F DEBUG   :       #02 pc 0000000000016188  /apex/com.android.art/lib64/libbase.so (android::base::SetAborter(std::__1::function<void (char const*)>&&)::$_0::__invoke(char const*)+80) (BuildId: 5e1c2a9a9b42ab6e6a3f44738913b9f7)
09-29 19:16:26.910  4638  4638 F DEBUG   :       #03 pc 000000000000ce14  /system/lib64/liblog.so (__android_log_assert+288) (BuildId: 936d236bcaae9426da078a0210b11ac4)
09-29 19:16:26.910  4638  4638 F DEBUG   :       #04 pc 0000000000f271ec  /data/app/~~AAy50U5pGu4hej6TdzvyWg==/dev.hjm.designsystem.showcase-Hp4zrjI5tnCu_ekLOmeiCQ==/base.apk!libreactnative.so (offset 0x1c7c000) (react_native_assert_fail+104) (BuildId: 5163d057cddef221149f17d63d6472ca859a5ebf)
09-29 19:16:26.910  4638  4638 F DEBUG   :       #05 pc 000000000151095c  /data/app/~~AAy50U5pGu4hej6TdzvyWg==/dev.hjm.designsystem.showcase-Hp4zrjI5tnCu_ekLOmeiCQ==/base.apk!libreactnative.so (offset 0x1c7c000) (facebook::react::YogaLayoutableShadowNode::layout(facebook::react::LayoutContext)+356) (BuildId: 5163d057cddef221149f17d63d6472ca859a5ebf)
09-29 19:16:26.910  4638  4638 F DEBUG   :       #06 pc 0000000001510a08  /data/app/~~AAy50U5pGu4hej6TdzvyWg==/dev.hjm.designsystem.showcase-Hp4zrjI5tnCu_ekLOmeiCQ==/base.apk!libreactnative.so (offset 0x1c7c000) (facebook::react::YogaLayoutableShadowNode::layout(facebook::react::LayoutContext)+528) (BuildId: 5163d057cddef221149f17d63d6472ca859a5ebf)
09-29 19:16:26.910  4638  4638 F DEBUG   :       #07 pc 0000000001510a08  /data/app/~~AAy50U5pGu4hej6TdzvyWg==/dev.hjm.designsystem.showcase-Hp4zrjI5tnCu_ekLOmeiCQ==/base.apk!libreactnative.so (offset 0x1c7c000) (facebook::react::YogaLayoutableShadowNode::layout(facebook::react::LayoutContext)+528) (BuildId: 5163d057cddef221149f17d63d6472ca859a5ebf)
09-29 19:16:26.910  4638  4638 F DEBUG   :       #08 pc 0000000001510a08  /data/app/~~AAy50U5pGu4hej6TdzvyWg==/dev.hjm.designsystem.showcase-Hp4zrjI5tnCu_ekLOmeiCQ==/base.apk!libreactnative.so (offset 0x1c7c000) (facebook::react::YogaLayoutableShadowNode::layout(facebook::react::LayoutContext)+528) (BuildId: 5163d057cddef221149f17d63d6472ca859a5ebf)
09-29 19:16:26.910  4638  4638 F DEBUG   :       #09 pc 000000000140eac4  /data/app/~~AAy50U5pGu4hej6TdzvyWg==/dev.hjm.designsystem.showcase-Hp4zrjI5tnCu_ekLOmeiCQ==/base.apk!libreactnative.so (offset 0x1c7c000) (facebook::react::ScrollViewShadowNode::layout(facebook::react::LayoutContext)+60) (BuildId: 5163d057cddef221149f17d63d6472ca859a5ebf)
09-29 19:16:26.910  4638  4638 F DEBUG   :       #10 pc 0000000001510a08  /data/app/~~AAy50U5pGu4hej6TdzvyWg==/dev.hjm.designsystem.showcase-Hp4zrjI5tnCu_ekLOmeiCQ==/base.apk!libreactnative.so (offset 0x1c7c000) (facebook::react::YogaLayoutableShadowNode::layout(facebook::react::LayoutContext)+528) (BuildId: 5163d057cddef221149f17d63d6472ca859a5ebf)
09-29 19:16:26.910  4638  4638 F DEBUG   :       #11 pc 0000000001510a08  /data/app/~~AAy50U5pGu4hej6TdzvyWg==/dev.hjm.designsystem.showcase-Hp4zrjI5tnCu_ekLOmeiCQ==/base.apk!libreactnative.so (offset 0x1c7c000) (facebook::react::YogaLayoutableShadowNode::layout(facebook::react::LayoutContext)+528) (BuildId: 5163d057cddef221149f17d63d6472ca859a5ebf)
09-29 19:16:26.910  4638  4638 F DEBUG   :       #12 pc 0000000001510a08  /data/app/~~AAy50U5pGu4hej6TdzvyWg==/dev.hjm.designsystem.showcase-Hp4zrjI5tnCu_ekLOmeiCQ==/base.apk!libreactnative.so (offset 0x1c7c000) (facebook::react::YogaLayoutableShadowNode::layout(facebook::react::LayoutContext)+528) (BuildId: 5163d057cddef221149f17d63d6472ca859a5ebf)
09-29 19:16:26.910  4638  4638 F DEBUG   :       #13 pc 0000000001510a08  /data/app/~~AAy50U5pGu4hej6TdzvyWg==/dev.hjm.designsystem.showcase-Hp4zrjI5tnCu_ekLOmeiCQ==/base.apk!libreactnative.so (offset 0x1c7c000) (facebook::react::YogaLayoutableShadowNode::layout(facebook::react::LayoutContext)+528) (BuildId: 5163d057cddef221149f17d63d6472ca859a5ebf)
09-29 19:16:26.910  4638  4638 F DEBUG   :       #14 pc 0000000001510a08  /data/app/~~AAy50U5pGu4hej6TdzvyWg==/dev.hjm.designsystem.showcase-Hp4zrjI5tnCu_ekLOmeiCQ==/base.apk!libreactnative.so (offset 0x1c7c000) (facebook::react::YogaLayoutableShadowNode::layout(facebook::react::LayoutContext)+528) (BuildId: 5163d057cddef221149f17d63d6472ca859a5ebf)
09-29 19:16:26.910  4638  4638 F DEBUG   :       #15 pc 0000000001510a08  /data/app/~~AAy50U5pGu4hej6TdzvyWg==/dev.hjm.designsystem.showcase-Hp4zrjI5tnCu_ekLOmeiCQ==/base.apk!libreactnative.so (offset 0x1c7c000) (facebook::react::YogaLayoutableShadowNode::layout(facebook::react::LayoutContext)+528) (BuildId: 5163d057cddef221149f17d63d6472ca859a5ebf)
09-29 19:16:26.910  4638  4638 F DEBUG   :       #16 pc 0000000001510a08  /data/app/~~AAy50U5pGu4hej6TdzvyWg==/dev.hjm.designsystem.showcase-Hp4zrjI5tnCu_ekLOmeiCQ==/base.apk!libreactnative.so (offset 0x1c7c000) (facebook::react::YogaLayoutableShadowNode::layout(facebook::react::LayoutContext)+528) (BuildId: 5163d057cddef221149f17d63d6472ca859a5ebf)
09-29 19:16:26.910  4638  4638 F DEBUG   :       #17 pc 0000000001510a08  /data/app/~~AAy50U5pGu4hej6TdzvyWg==/dev.hjm.designsystem.showcase-Hp4zrjI5tnCu_ekLOmeiCQ==/base.apk!libreactnative.so (offset 0x1c7c000) (facebook::react::YogaLayoutableShadowNode::layout(facebook::react::LayoutContext)+528) (BuildId: 5163d057cddef221149f17d63d6472ca859a5ebf)
09-29 19:16:26.910  4638  4638 F DEBUG   :       #18 pc 0000000001510a08  /data/app/~~AAy50U5pGu4hej6TdzvyWg==/dev.hjm.designsystem.showcase-Hp4zrjI5tnCu_ekLOmeiCQ==/base.apk!libreactnative.so (offset 0x1c7c000) (facebook::react::YogaLayoutableShadowNode::layout(facebook::react::LayoutContext)+528) (BuildId: 5163d057cddef221149f17d63d6472ca859a5ebf)
09-29 19:16:26.910  4638  4638 F DEBUG   :       #19 pc 0000000001510a08  /data/app/~~AAy50U5pGu4hej6TdzvyWg==/dev.hjm.designsystem.showcase-Hp4zrjI5tnCu_ekLOmeiCQ==/base.apk!libreactnative.so (offset 0x1c7c000) (facebook::react::YogaLayoutableShadowNode::layout(facebook::react::LayoutContext)+528) (BuildId: 5163d057cddef221149f17d63d6472ca859a5ebf)
09-29 19:16:26.910  4638  4638 F DEBUG   :       #20 pc 0000000001510a08  /data/app/~~AAy50U5pGu4hej6TdzvyWg==/dev.hjm.designsystem.showcase-Hp4zrjI5tnCu_ekLOmeiCQ==/base.apk!libreactnative.so (offset 0x1c7c000) (facebook::react::YogaLayoutableShadowNode::layout(facebook::react::LayoutContext)+528) (BuildId: 5163d057cddef221149f17d63d6472ca859a5ebf)
09-29 19:16:26.910  4638  4638 F DEBUG   :       #21 pc 0000000001510470  /data/app/~~AAy50U5pGu4hej6TdzvyWg==/dev.hjm.designsystem.showcase-Hp4zrjI5tnCu_ekLOmeiCQ==/base.apk!libreactnative.so (offset 0x1c7c000) (facebook::react::YogaLayoutableShadowNode::layoutTree(facebook::react::LayoutContext, facebook::react::LayoutConstraints)+1032) (BuildId: 5163d057cddef221149f17d63d6472ca859a5ebf)
09-29 19:16:26.910  4638  4638 F DEBUG   :       #22 pc 00000000013fff4c  /data/app/~~AAy50U5pGu4hej6TdzvyWg==/dev.hjm.designsystem.showcase-Hp4zrjI5tnCu_ekLOmeiCQ==/base.apk!libreactnative.so (offset 0x1c7c000) (facebook::react::RootShadowNode::layoutIfNeeded(std::__ndk1::vector<facebook::react::LayoutableShadowNode const*, std::__ndk1::allocator<facebook::react::LayoutableShadowNode const*>>*)+168) (BuildId: 5163d057cddef221149f17d63d6472ca859a5ebf)
09-29 19:16:26.910  4638  4638 F DEBUG   :       #23 pc 00000000011ae5c0  /data/app/~~AAy50U5pGu4hej6TdzvyWg==/dev.hjm.designsystem.showcase-Hp4zrjI5tnCu_ekLOmeiCQ==/base.apk!libreactnative.so (offset 0x1c7c000) (facebook::react::ShadowTree::tryCommit(std::__ndk1::function<std::__ndk1::shared_ptr<facebook::react::RootShadowNode> (facebook::react::RootShadowNode const&)> const&, facebook::react::ShadowTreeCommitOptions const&) const+968) (BuildId: 5163d057cddef221149f17d63d6472ca859a5ebf)
09-29 19:16:26.910  4638  4638 F DEBUG   :       #24 pc 00000000011ae15c  /data/app/~~AAy50U5pGu4hej6TdzvyWg==/dev.hjm.designsystem.showcase-Hp4zrjI5tnCu_ekLOmeiCQ==/base.apk!libreactnative.so (offset 0x1c7c000) (facebook::react::ShadowTree::commit(std::__ndk1::function<std::__ndk1::shared_ptr<facebook::react::RootShadowNode> (facebook::react::RootShadowNode const&)> const&, facebook::react::ShadowTreeCommitOptions const&) const+228) (BuildId: 5163d057cddef221149f17d63d6472ca859a5ebf)
09-29 19:16:26.910  4638  4638 F DEBUG   :       #25 pc 000000000128e638  /data/app/~~AAy50U5pGu4hej6TdzvyWg==/dev.hjm.designsystem.showcase-Hp4zrjI5tnCu_ekLOmeiCQ==/base.apk!libreactnative.so (offset 0x1c7c000) (BuildId: 5163d057cddef221149f17d63d6472ca859a5ebf)
09-29 19:16:26.910  4638  4638 F DEBUG   :       #26 pc 000000000128e5dc  /data/app/~~AAy50U5pGu4hej6TdzvyWg==/dev.hjm.designsystem.showcase-Hp4zrjI5tnCu_ekLOmeiCQ==/base.apk!libreactnative.so (offset 0x1c7c000) (BuildId: 5163d057cddef221149f17d63d6472ca859a5ebf)
09-29 19:16:26.910  4638  4638 F DEBUG   :       #27 pc 000000000128e58c  /data/app/~~AAy50U5pGu4hej6TdzvyWg==/dev.hjm.designsystem.showcase-Hp4zrjI5tnCu_ekLOmeiCQ==/base.apk!libreactnative.so (offset 0x1c7c000) (BuildId: 5163d057cddef221149f17d63d6472ca859a5ebf)
09-29 19:16:26.910  4638  4638 F DEBUG   :       #28 pc 000000000128e560  /data/app/~~AAy50U5pGu4hej6TdzvyWg==/dev.hjm.designsystem.showcase-Hp4zrjI5tnCu_ekLOmeiCQ==/base.apk!libreactnative.so (offset 0x1c7c000) (BuildId: 5163d057cddef221149f17d63d6472ca859a5ebf)
09-29 19:16:26.910  4638  4638 F DEBUG   :       #29 pc 000000000128d630  /data/app/~~AAy50U5pGu4hej6TdzvyWg==/dev.hjm.designsystem.showcase-Hp4zrjI5tnCu_ekLOmeiCQ==/base.apk!libreactnative.so (offset 0x1c7c000) (BuildId: 5163d057cddef221149f17d63d6472ca859a5ebf)
09-29 19:16:26.910  4638  4638 F DEBUG   :       #30 pc 00000000011c08e8  /data/app/~~AAy50U5pGu4hej6TdzvyWg==/dev.hjm.designsystem.showcase-Hp4zrjI5tnCu_ekLOmeiCQ==/base.apk!libreactnative.so (offset 0x1c7c000) (BuildId: 5163d057cddef221149f17d63d6472ca859a5ebf)
09-29 19:16:26.910  4638  4638 F DEBUG   :       #31 pc 00000000011be2e0  /data/app/~~AAy50U5pGu4hej6TdzvyWg==/dev.hjm.designsystem.showcase-Hp4zrjI5tnCu_ekLOmeiCQ==/base.apk!libreactnative.so (offset 0x1c7c000) (BuildId: 5163d057cddef221149f17d63d6472ca859a5ebf)
09-29 19:16:26.910  4638  4638 F DEBUG   :       #32 pc 00000000011be250  /data/app/~~AAy50U5pGu4hej6TdzvyWg==/dev.hjm.designsystem.showcase-Hp4zrjI5tnCu_ekLOmeiCQ==/base.apk!libreactnative.so (offset 0x1c7c000) (facebook::react::ShadowTreeRegistry::visit(int, std::__ndk1::function<void (facebook::react::ShadowTree const&)> const&) const+180) (BuildId: 5163d057cddef221149f17d63d6472ca859a5ebf)
09-29 19:16:26.910  4638  4638 F DEBUG   :       #33 pc 0000000001285448  /data/app/~~AAy50U5pGu4hej6TdzvyWg==/dev.hjm.designsystem.showcase-Hp4zrjI5tnCu_ekLOmeiCQ==/base.apk!libreactnative.so (offset 0x1c7c000) (facebook::react::UIManager::completeSurface(int, std::__ndk1::shared_ptr<std::__ndk1::vector<std::__ndk1::shared_ptr<facebook::react::ShadowNode const>, std::__ndk1::allocator<std::__ndk1::shared_ptr<facebook::react::ShadowNode const>>>> const&, facebook::react::ShadowTreeCommitOptions)+120) (BuildId: 5163d057cddef221149f17d63d6472ca859a5ebf)
09-29 19:16:26.910  4638  4638 F DEBUG   :       #34 pc 00000000012bf358  /data/app/~~AAy50U5pGu4hej6TdzvyWg==/dev.hjm.designsystem.showcase-Hp4zrjI5tnCu_ekLOmeiCQ==/base.apk!libreactnative.so (offset 0x1c7c000) (BuildId: 5163d057cddef221149f17d63d6472ca859a5ebf)
09-29 19:16:26.910  4638  4638 F DEBUG   :       #35 pc 00000000012bf2a0  /data/app/~~AAy50U5pGu4hej6TdzvyWg==/dev.hjm.designsystem.showcase-Hp4zrjI5tnCu_ekLOmeiCQ==/base.apk!libreactnative.so (offset 0x1c7c000) (BuildId: 5163d057cddef221149f17d63d6472ca859a5ebf)
09-29 19:16:26.910  4638  4638 F DEBUG   :       #36 pc 00000000012bf22c  /data/app/~~AAy50U5pGu4hej6TdzvyWg==/dev.hjm.designsystem.showcase-Hp4zrjI5tnCu_ekLOmeiCQ==/base.apk!libreactnative.so (offset 0x1c7c000) (BuildId: 5163d057cddef221149f17d63d6472ca859a5ebf)
09-29 19:16:26.910  4638  4638 F DEBUG   :       #37 pc 00000000012bf1e0  /data/app/~~AAy50U5pGu4hej6TdzvyWg==/dev.hjm.designsystem.showcase-Hp4zrjI5tnCu_ekLOmeiCQ==/base.apk!libreactnative.so (offset 0x1c7c000) (BuildId: 5163d057cddef221149f17d63d6472ca859a5ebf)
09-29 19:16:26.910  4638  4638 F DEBUG   :       #38 pc 00000000012be2c8  /data/app/~~AAy50U5pGu4hej6TdzvyWg==/dev.hjm.designsystem.showcase-Hp4zrjI5tnCu_ekLOmeiCQ==/base.apk!libreactnative.so (offset 0x1c7c000) (BuildId: 5163d057cddef221149f17d63d6472ca859a5ebf)
09-29 19:16:26.910  4638  4638 F DEBUG   :       #39 pc 00000000000f5e70  /data/app/~~AAy50U5pGu4hej6TdzvyWg==/dev.hjm.designsystem.showcase-Hp4zrjI5tnCu_ekLOmeiCQ==/base.apk!libhermesvm.so (offset 0x130c000) (BuildId: 634ec17cb80794f0651d6cbc61c77f5936fc3b63)
09-29 19:16:26.910  4638  4638 F DEBUG   :       #40 pc 0000000000274f18  /data/app/~~AAy50U5pGu4hej6TdzvyWg==/dev.hjm.designsystem.showcase-Hp4zrjI5tnCu_ekLOmeiCQ==/base.apk!libhermesvm.so (offset 0x130c000) (BuildId: 634ec17cb80794f0651d6cbc61c77f5936fc3b63)
09-29 19:16:26.910  4638  4638 F DEBUG   :       #41 pc 000000000027c2a0  /data/app/~~AAy50U5pGu4hej6TdzvyWg==/dev.hjm.designsystem.showcase-Hp4zrjI5tnCu_ekLOmeiCQ==/base.apk!libhermesvm.so (offset 0x130c000) (BuildId: 634ec17cb80794f0651d6cbc61c77f5936fc3b63)
09-29 19:16:26.910  4638  4638 F DEBUG   :       #42 pc 00000000002750a4  /data/app/~~AAy50U5pGu4hej6TdzvyWg==/dev.hjm.designsystem.showcase-Hp4zrjI5tnCu_ekLOmeiCQ==/base.apk!libhermesvm.so (offset 0x130c000) (BuildId: 634ec17cb80794f0651d6cbc61c77f5936fc3b63)
09-29 19:16:26.910  4638  4638 F DEBUG   :       #43 pc 000000000025a878  /data/app/~~AAy50U5pGu4hej6TdzvyWg==/dev.hjm.designsystem.showcase-Hp4zrjI5tnCu_ekLOmeiCQ==/base.apk!libhermesvm.so (offset 0x130c000) (BuildId: 634ec17cb80794f0651d6cbc61c77f5936fc3b63)
09-29 19:16:26.910  4638  4638 F DEBUG   :       #44 pc 00000000002c6bc0  /data/app/~~AAy50U5pGu4hej6TdzvyWg==/dev.hjm.designsystem.showcase-Hp4zrjI5tnCu_ekLOmeiCQ==/base.apk!libhermesvm.so (offset 0x130c000) (BuildId: 634ec17cb80794f0651d6cbc61c77f5936fc3b63)
09-29 19:16:26.911  4638  4638 F DEBUG   :       #45 pc 00000000000e44a4  /data/app/~~AAy50U5pGu4hej6TdzvyWg==/dev.hjm.designsystem.showcase-Hp4zrjI5tnCu_ekLOmeiCQ==/base.apk!libhermesvm.so (offset 0x130c000) (BuildId: 634ec17cb80794f0651d6cbc61c77f5936fc3b63)
09-29 19:16:26.911  4638  4638 F DEBUG   :       #46 pc 00000000012246f4  /data/app/~~AAy50U5pGu4hej6TdzvyWg==/dev.hjm.designsystem.showcase-Hp4zrjI5tnCu_ekLOmeiCQ==/base.apk!libreactnative.so (offset 0x1c7c000) (facebook::react::RuntimeScheduler_Modern::performMicrotaskCheckpoint(facebook::jsi::Runtime&)+140) (BuildId: 5163d057cddef221149f17d63d6472ca859a5ebf)
09-29 19:16:26.911  4638  4638 F DEBUG   :       #47 pc 0000000001224560  /data/app/~~AAy50U5pGu4hej6TdzvyWg==/dev.hjm.designsystem.showcase-Hp4zrjI5tnCu_ekLOmeiCQ==/base.apk!libreactnative.so (offset 0x1c7c000) (facebook::react::RuntimeScheduler_Modern::runEventLoopTick(facebook::jsi::Runtime&, facebook::react::Task&)+220) (BuildId: 5163d057cddef221149f17d63d6472ca859a5ebf)
09-29 19:16:26.911  4638  4638 F DEBUG   :       #48 pc 00000000012242cc  /data/app/~~AAy50U5pGu4hej6TdzvyWg==/dev.hjm.designsystem.showcase-Hp4zrjI5tnCu_ekLOmeiCQ==/base.apk!libreactnative.so (offset 0x1c7c000) (facebook::react::RuntimeScheduler_Modern::runEventLoop(facebook::jsi::Runtime&)+140) (BuildId: 5163d057cddef221149f17d63d6472ca859a5ebf)
09-29 19:16:26.911  4638  4638 F DEBUG   :       #49 pc 000000000122a840  /data/app/~~AAy50U5pGu4hej6TdzvyWg==/dev.hjm.designsystem.showcase-Hp4zrjI5tnCu_ekLOmeiCQ==/base.apk!libreactnative.so (offset 0x1c7c000) (BuildId: 5163d057cddef221149f17d63d6472ca859a5ebf)
09-29 19:16:26.911  4638  4638 F DEBUG   :       #50 pc 000000000122a810  /data/app/~~AAy50U5pGu4hej6TdzvyWg==/dev.hjm.designsystem.showcase-Hp4zrjI5tnCu_ekLOmeiCQ==/base.apk!libreactnative.so (offset 0x1c7c000) (BuildId: 5163d057cddef221149f17d63d6472ca859a5ebf)
09-29 19:16:26.911  4638  4638 F DEBUG   :       #51 pc 000000000122a7c0  /data/app/~~AAy50U5pGu4hej6TdzvyWg==/dev.hjm.designsystem.showcase-Hp4zrjI5tnCu_ekLOmeiCQ==/base.apk!libreactnative.so (offset 0x1c7c000) (BuildId: 5163d057cddef221149f17d63d6472ca859a5ebf)
09-29 19:16:26.911  4638  4638 F DEBUG   :       #52 pc 000000000122a794  /data/app/~~AAy50U5pGu4hej6TdzvyWg==/dev.hjm.designsystem.showcase-Hp4zrjI5tnCu_ekLOmeiCQ==/base.apk!libreactnative.so (offset 0x1c7c000) (BuildId: 5163d057cddef221149f17d63d6472ca859a5ebf)
09-29 19:16:26.911  4638  4638 F DEBUG   :       #53 pc 0000000001229884  /data/app/~~AAy50U5pGu4hej6TdzvyWg==/dev.hjm.designsystem.showcase-Hp4zrjI5tnCu_ekLOmeiCQ==/base.apk!libreactnative.so (offset 0x1c7c000) (BuildId: 5163d057cddef221149f17d63d6472ca859a5ebf)
09-29 19:16:26.911  4638  4638 F DEBUG   :       #54 pc 0000000000bc2f10  /data/app/~~AAy50U5pGu4hej6TdzvyWg==/dev.hjm.designsystem.showcase-Hp4zrjI5tnCu_ekLOmeiCQ==/base.apk!libreactnative.so (offset 0x1c7c000) (BuildId: 5163d057cddef221149f17d63d6472ca859a5ebf)
09-29 19:16:26.911  4638  4638 F DEBUG   :       #55 pc 0000000000bc2dbc  /data/app/~~AAy50U5pGu4hej6TdzvyWg==/dev.hjm.designsystem.showcase-Hp4zrjI5tnCu_ekLOmeiCQ==/base.apk!libreactnative.so (offset 0x1c7c000) (BuildId: 5163d057cddef221149f17d63d6472ca859a5ebf)
09-29 19:16:26.911  4638  4638 F DEBUG   :       #56 pc 0000000000bc2b00  /data/app/~~AAy50U5pGu4hej6TdzvyWg==/dev.hjm.designsystem.showcase-Hp4zrjI5tnCu_ekLOmeiCQ==/base.apk!libreactnative.so (offset 0x1c7c000) (BuildId: 5163d057cddef221149f17d63d6472ca859a5ebf)
09-29 19:16:26.911  4638  4638 F DEBUG   :       #57 pc 0000000000bc2a68  /data/app/~~AAy50U5pGu4hej6TdzvyWg==/dev.hjm.designsystem.showcase-Hp4zrjI5tnCu_ekLOmeiCQ==/base.apk!libreactnative.so (offset 0x1c7c000) (BuildId: 5163d057cddef221149f17d63d6472ca859a5ebf)
09-29 19:16:26.911  4638  4638 F DEBUG   :       #58 pc 0000000000bc2a20  /data/app/~~AAy50U5pGu4hej6TdzvyWg==/dev.hjm.designsystem.showcase-Hp4zrjI5tnCu_ekLOmeiCQ==/base.apk!libreactnative.so (offset 0x1c7c000) (BuildId: 5163d057cddef221149f17d63d6472ca859a5ebf)
09-29 19:16:26.911  4638  4638 F DEBUG   :       #59 pc 0000000000bc29fc  /data/app/~~AAy50U5pGu4hej6TdzvyWg==/dev.hjm.designsystem.showcase-Hp4zrjI5tnCu_ekLOmeiCQ==/base.apk!libreactnative.so (offset 0x1c7c000) (BuildId: 5163d057cddef221149f17d63d6472ca859a5ebf)
09-29 19:16:26.911  4638  4638 F DEBUG   :       #60 pc 0000000000bc1a94  /data/app/~~AAy50U5pGu4hej6TdzvyWg==/dev.hjm.designsystem.showcase-Hp4zrjI5tnCu_ekLOmeiCQ==/base.apk!libreactnative.so (offset 0x1c7c000) (BuildId: 5163d057cddef221149f17d63d6472ca859a5ebf)
09-29 19:16:26.911  4638  4638 F DEBUG   :       #61 pc 0000000000d4de50  /data/app/~~AAy50U5pGu4hej6TdzvyWg==/dev.hjm.designsystem.showcase-Hp4zrjI5tnCu_ekLOmeiCQ==/base.apk!libreactnative.so (offset 0x1c7c000) (BuildId: 5163d057cddef221149f17d63d6472ca859a5ebf)
09-29 19:16:26.911  4638  4638 F DEBUG   :       #62 pc 0000000000d4de14  /data/app/~~AAy50U5pGu4hej6TdzvyWg==/dev.hjm.designsystem.showcase-Hp4zrjI5tnCu_ekLOmeiCQ==/base.apk!libreactnative.so (offset 0x1c7c000) (BuildId: 5163d057cddef221149f17d63d6472ca859a5ebf)
09-29 19:16:26.911  4638  4638 F DEBUG   :       #63 pc 0000000001333e68  /data/app/~~AAy50U5pGu4hej6TdzvyWg==/dev.hjm.designsystem.showcase-Hp4zrjI5tnCu_ekLOmeiCQ==/base.apk!libreactnative.so (offset 0x1c7c000) (BuildId: 5163d057cddef221149f17d63d6472ca859a5ebf)
09-29 19:16:26.911  4638  4638 F DEBUG   :       #64 pc 0000000001333e08  /data/app/~~AAy50U5pGu4hej6TdzvyWg==/dev.hjm.designsystem.showcase-Hp4zrjI5tnCu_ekLOmeiCQ==/base.apk!libreactnative.so (offset 0x1c7c000) (BuildId: 5163d057cddef221149f17d63d6472ca859a5ebf)
09-29 19:16:26.911  4638  4638 F DEBUG   :       #65 pc 0000000001333dc0  /data/app/~~AAy50U5pGu4hej6TdzvyWg==/dev.hjm.designsystem.showcase-Hp4zrjI5tnCu_ekLOmeiCQ==/base.apk!libreactnative.so (offset 0x1c7c000) (BuildId: 5163d057cddef221149f17d63d6472ca859a5ebf)
09-29 19:16:26.911  4638  4638 F DEBUG   :       #66 pc 0000000001333d9c  /data/app/~~AAy50U5pGu4hej6TdzvyWg==/dev.hjm.designsystem.showcase-Hp4zrjI5tnCu_ekLOmeiCQ==/base.apk!libreactnative.so (offset 0x1c7c000) (BuildId: 5163d057cddef221149f17d63d6472ca859a5ebf)
09-29 19:16:26.911  4638  4638 F DEBUG   :       #67 pc 0000000001332f08  /data/app/~~AAy50U5pGu4hej6TdzvyWg==/dev.hjm.designsystem.showcase-Hp4zrjI5tnCu_ekLOmeiCQ==/base.apk!libreactnative.so (offset 0x1c7c000) (BuildId: 5163d057cddef221149f17d63d6472ca859a5ebf)
09-29 19:16:26.911  4638  4638 F DEBUG   :       #68 pc 0000000000017dd0  /data/app/~~AAy50U5pGu4hej6TdzvyWg==/dev.hjm.designsystem.showcase-Hp4zrjI5tnCu_ekLOmeiCQ==/base.apk!libfbjni.so (offset 0x11f8000) (facebook::jni::detail::MethodWrapper<void (facebook::jni::JNativeRunnable::*)(), &facebook::jni::JNativeRunnable::run(), facebook::jni::JNativeRunnable, void>::dispatch(facebook::jni::alias_ref<facebook::jni::detail::JTypeFor<facebook::jni::HybridClass<facebook::jni::JNativeRunnable, facebook::jni::JRunnable>::JavaPart, facebook::jni::JRunnable, void>::_javaobject*>)+72) (BuildId: e438f6554af1d86b210a05412e96c4251e570157)
09-29 19:16:26.911  4638  4638 F DEBUG   :       #69 pc 0000000000017d10  /data/app/~~AAy50U5pGu4hej6TdzvyWg==/dev.hjm.designsystem.showcase-Hp4zrjI5tnCu_ekLOmeiCQ==/base.apk!libfbjni.so (offset 0x11f8000) (facebook::jni::detail::FunctionWrapper<void (*)(facebook::jni::alias_ref<facebook::jni::detail::JTypeFor<facebook::jni::HybridClass<facebook::jni::JNativeRunnable, facebook::jni::JRunnable>::JavaPart, facebook::jni::JRunnable, void>::_javaobject*>), facebook::jni::detail::JTypeFor<facebook::jni::HybridClass<facebook::jni::JNativeRunnable, facebook::jni::JRunnable>::JavaPart, facebook::jni::JRunnable, void>::_javaobject*, void>::call(_JNIEnv*, _jobject*, void (*)(facebook::jni::alias_ref<facebook::jni::detail::JTypeFor<facebook::jni::HybridClass<facebook::jni::JNativeRunnable, facebook::jni::JRunnable>::JavaPart, facebook::jni::JRunnable, void>::_javaobject*>))+60) (BuildId: e438f6554af1d86b210a05412e96c4251e570157)
09-29 19:16:26.911  4638  4638 F DEBUG   :       #70 pc 000000000033f500  /apex/com.android.art/lib64/libart.so (art_quick_generic_jni_trampoline+144) (BuildId: b229f9d1b6196afaae086f29f029f907)
09-29 19:16:26.911  4638  4638 F DEBUG   :       #71 pc 0000000000187404  [anon_shmem:dalvik-jit-code-cache] (offset 0x2000000) (android.os.Handler.handleCallback+132)
09-29 19:16:26.911  4638  4638 F DEBUG   :       #72 pc 000000000005d410  [anon_shmem:dalvik-jit-code-cache] (offset 0x2000000) (android.os.Handler.dispatchMessage+128)
09-29 19:16:26.911  4638  4638 F DEBUG   :       #73 pc 0000000000328194  /apex/com.android.art/lib64/libart.so (art_quick_invoke_stub+612) (BuildId: b229f9d1b6196afaae086f29f029f907)
09-29 19:16:26.911  4638  4638 F DEBUG   :       #74 pc 00000000006793d4  /apex/com.android.art/lib64/libart.so (bool art::interpreter::DoCall<false>(art::ArtMethod*, art::Thread*, art::ShadowFrame&, art::Instruction const*, unsigned short, bool, art::JValue*)+1580) (BuildId: b229f9d1b6196afaae086f29f029f907)
09-29 19:16:26.911  4638  4638 F DEBUG   :       #75 pc 00000000005c84f4  /apex/com.android.art/lib64/libart.so (void art::interpreter::ExecuteSwitchImplCpp<false>(art::interpreter::SwitchImplContext*)+868) (BuildId: b229f9d1b6196afaae086f29f029f907)
09-29 19:16:26.911  4638  4638 F DEBUG   :       #76 pc 0000000000317a88  /apex/com.android.art/lib64/libart.so (ExecuteSwitchImplAsm+8) (BuildId: b229f9d1b6196afaae086f29f029f907)
09-29 19:16:26.911  4638  4638 F DEBUG   :       #77 pc 0000000000e978a0  <anonymous:7ba48e3000>
09-29 19:16:26.911  4638  4638 F DEBUG   :       #78 pc 00000000002d763c  /apex/com.android.art/lib64/libart.so (art::interpreter::Execute(art::Thread*, art::CodeItemDataAccessor const&, art::ShadowFrame&, art::JValue, bool, bool) (.__uniq.112435418011751916792819755956732575238.llvm.11186287395527938019)+332) (BuildId: b229f9d1b6196afaae086f29f029f907)
09-29 19:16:26.911  4638  4638 F DEBUG   :       #79 pc 00000000002d6e70  /apex/com.android.art/lib64/libart.so (artQuickToInterpreterBridge+888) (BuildId: b229f9d1b6196afaae086f29f029f907)
09-29 19:16:26.911  4638  4638 F DEBUG   :       #80 pc 000000000033f638  /apex/com.android.art/lib64/libart.so (art_quick_to_interpreter_bridge+88) (BuildId: b229f9d1b6196afaae086f29f029f907)
09-29 19:16:26.911  4638  4638 F DEBUG   :       #81 pc 000000000005bc08  [anon_shmem:dalvik-jit-code-cache] (offset 0x2000000) (android.os.Looper.loopOnce+1400)
09-29 19:16:26.911  4638  4638 F DEBUG   :       #82 pc 000000000005a66c  [anon_shmem:dalvik-jit-code-cache] (offset 0x2000000) (android.os.Looper.loop+252)
09-29 19:16:26.911  4638  4638 F DEBUG   :       #83 pc 0000000000328460  /apex/com.android.art/lib64/libart.so (art_quick_invoke_static_stub+640) (BuildId: b229f9d1b6196afaae086f29f029f907)
09-29 19:16:26.911  4638  4638 F DEBUG   :       #84 pc 00000000006795d0  /apex/com.android.art/lib64/libart.so (bool art::interpreter::DoCall<false>(art::ArtMethod*, art::Thread*, art::ShadowFrame&, art::Instruction const*, unsigned short, bool, art::JValue*)+2088) (BuildId: b229f9d1b6196afaae086f29f029f907)
09-29 19:16:26.911  4638  4638 F DEBUG   :       #85 pc 00000000005c8690  /apex/com.android.art/lib64/libart.so (void art::interpreter::ExecuteSwitchImplCpp<false>(art::interpreter::SwitchImplContext*)+1280) (BuildId: b229f9d1b6196afaae086f29f029f907)
09-29 19:16:26.911  4638  4638 F DEBUG   :       #86 pc 0000000000317a88  /apex/com.android.art/lib64/libart.so (ExecuteSwitchImplAsm+8) (BuildId: b229f9d1b6196afaae086f29f029f907)
09-29 19:16:26.911  4638  4638 F DEBUG   :       #87 pc 0000000000e97b64  <anonymous:7ba48e3000>
09-29 19:16:26.911  4638  4638 F DEBUG   :       #88 pc 0000000000317488  /apex/com.android.art/lib64/libart.so (art::interpreter::ArtInterpreterToInterpreterBridge(art::Thread*, art::CodeItemDataAccessor const&, art::ShadowFrame*, art::JValue*)+412) (BuildId: b229f9d1b6196afaae086f29f029f907)
09-29 19:16:26.911  4638  4638 F DEBUG   :       #89 pc 00000000006795bc  /apex/com.android.art/lib64/libart.so (bool art::interpreter::DoCall<false>(art::ArtMethod*, art::Thread*, art::ShadowFrame&, art::Instruction const*, unsigned short, bool, art::JValue*)+2068) (BuildId: b229f9d1b6196afaae086f29f029f907)
09-29 19:16:26.911  4638  4638 F DEBUG   :       #90 pc 00000000005c8690  /apex/com.android.art/lib64/libart.so (void art::interpreter::ExecuteSwitchImplCpp<false>(art::interpreter::SwitchImplContext*)+1280) (BuildId: b229f9d1b6196afaae086f29f029f907)
09-29 19:16:26.911  4638  4638 F DEBUG   :       #91 pc 0000000000317a88  /apex/com.android.art/lib64/libart.so (ExecuteSwitchImplAsm+8) (BuildId: b229f9d1b6196afaae086f29f029f907)
09-29 19:16:26.911  4638  4638 F DEBUG   :       #92 pc 0000000000e97b1c  <anonymous:7ba48e3000>
09-29 19:16:26.911  4638  4638 F DEBUG   :       #93 pc 0000000000317488  /apex/com.android.art/lib64/libart.so (art::interpreter::ArtInterpreterToInterpreterBridge(art::Thread*, art::CodeItemDataAccessor const&, art::ShadowFrame*, art::JValue*)+412) (BuildId: b229f9d1b6196afaae086f29f029f907)
09-29 19:16:26.911  4638  4638 F DEBUG   :       #94 pc 00000000006795bc  /apex/com.android.art/lib64/libart.so (bool art::interpreter::DoCall<false>(art::ArtMethod*, art::Thread*, art::ShadowFrame&, art::Instruction const*, unsigned short, bool, art::JValue*)+2068) (BuildId: b229f9d1b6196afaae086f29f029f907)
09-29 19:16:26.911  4638  4638 F DEBUG   :       #95 pc 00000000005c8690  /apex/com.android.art/lib64/libart.so (void art::interpreter::ExecuteSwitchImplCpp<false>(art::interpreter::SwitchImplContext*)+1280) (BuildId: b229f9d1b6196afaae086f29f029f907)
09-29 19:16:26.911  4638  4638 F DEBUG   :       #96 pc 0000000000317a88  /apex/com.android.art/lib64/libart.so (ExecuteSwitchImplAsm+8) (BuildId: b229f9d1b6196afaae086f29f029f907)
09-29 19:16:26.911  4638  4638 F DEBUG   :       #97 pc 0000000000e97940  <anonymous:7ba48e3000>
09-29 19:16:26.911  4638  4638 F DEBUG   :       #98 pc 00000000002d763c  /apex/com.android.art/lib64/libart.so (art::interpreter::Execute(art::Thread*, art::CodeItemDataAccessor const&, art::ShadowFrame&, art::JValue, bool, bool) (.__uniq.112435418011751916792819755956732575238.llvm.11186287395527938019)+332) (BuildId: b229f9d1b6196afaae086f29f029f907)
09-29 19:16:26.911  4638  4638 F DEBUG   :       #99 pc 00000000002d6e70  /apex/com.android.art/lib64/libart.so (artQuickToInterpreterBridge+888) (BuildId: b229f9d1b6196afaae086f29f029f907)
09-29 19:16:26.911  4638  4638 F DEBUG   :       #100 pc 000000000033f638  /apex/com.android.art/lib64/libart.so (art_quick_to_interpreter_bridge+88) (BuildId: b229f9d1b6196afaae086f29f029f907)
09-29 19:16:26.911  4638  4638 F DEBUG   :       #101 pc 0000000000004978  [anon_shmem:dalvik-jit-code-cache] (offset 0x2000000) (java.lang.Thread.run+136)
09-29 19:16:26.911  4638  4638 F DEBUG   :       #102 pc 0000000000328194  /apex/com.android.art/lib64/libart.so (art_quick_invoke_stub+612) (BuildId: b229f9d1b6196afaae086f29f029f907)
09-29 19:16:26.911  4638  4638 F DEBUG   :       #103 pc 00000000002d9348  /apex/com.android.art/lib64/libart.so (art::ArtMethod::Invoke(art::Thread*, unsigned int*, unsigned int, art::JValue*, char const*)+216) (BuildId: b229f9d1b6196afaae086f29f029f907)
09-29 19:16:26.911  4638  4638 F DEBUG   :       #104 pc 0000000000421028  /apex/com.android.art/lib64/libart.so (art::Thread::CreateCallback(void*)+932) (BuildId: b229f9d1b6196afaae086f29f029f907)
09-29 19:16:26.911  4638  4638 F DEBUG   :       #105 pc 0000000000420c74  /apex/com.android.art/lib64/libart.so (art::Thread::CreateCallbackWithUffdGc(void*)+8) (BuildId: b229f9d1b6196afaae086f29f029f907)
09-29 19:16:26.911  4638  4638 F DEBUG   :       #106 pc 0000000000080df8  /apex/com.android.runtime/lib64/bionic/libc.so (__pthread_start(void*)+232) (BuildId: 2445fc73ede03b9536eef49355aff375)
09-29 19:16:26.911  4638  4638 F DEBUG   :       #107 pc 0000000000073dd8  /apex/com.android.runtime/lib64/bionic/libc.so (__start_thread+64) (BuildId: 2445fc73ede03b9536eef49355aff375)
