$ pnpm ci:check && node scripts/check-release-artifacts.mjs
$ pnpm check && pnpm showcase:native:check && pnpm showcase:web:check && pnpm showcase:web:build
$ pnpm -r --filter './packages/**' run check && pnpm bundle:renderer:check && pnpm workspace:check && pnpm evidence:check && pnpm docs:check && pnpm governance:check
Scope: 3 of 6 workspace projects
packages/design-contracts check$ pnpm typecheck && pnpm test && pnpm build && pnpm contracts:check && pnpm bundle:check
packages/design-contracts check: $ tsc -p tsconfig.json --noEmit
packages/design-contracts check: $ vitest run
packages/design-contracts check:  RUN  v4.1.11 /Users/jimin/Developer/app-portfolio/packages/hjm-design-system/packages/design-contracts
packages/design-contracts check:  Test Files  71 passed (71)
packages/design-contracts check:       Tests  888 passed (888)
packages/design-contracts check:    Start at  20:07:22
packages/design-contracts check:    Duration  4.18s (transform 2.59s, setup 0ms, import 8.37s, tests 2.06s, environment 5ms)
packages/design-contracts check: $ tsc -p tsconfig.build.json
packages/design-contracts check: $ node scripts/sync-contract-artifacts.mjs
packages/design-contracts check: Verified 108 synchronized component contracts.
packages/design-contracts check: $ node scripts/check-bundle-budget.mjs
packages/design-contracts check: Metro/Web import-graph budgets
packages/design-contracts check: PASS ./components/thinking-orb 12 modules    39.5 kB raw   11.6 kB gzip
packages/design-contracts check: PASS ./tokens              5 modules    14.5 kB raw    4.6 kB gzip
packages/design-contracts check: PASS ./foundations         1 modules     6.6 kB raw    2.4 kB gzip
packages/design-contracts check: PASS ./colors              1 modules     2.9 kB raw    1.3 kB gzip
packages/design-contracts check: PASS ./color-references    2 modules     4.4 kB raw    1.6 kB gzip
packages/design-contracts check: PASS ./palette-contrast    2 modules     5.3 kB raw    2.1 kB gzip
packages/design-contracts check: PASS ./responsive          2 modules     9.1 kB raw    3.2 kB gzip
packages/design-contracts check: PASS ./grid                3 modules    14.4 kB raw    4.4 kB gzip
packages/design-contracts check: PASS ./formatters          1 modules     3.4 kB raw    1.1 kB gzip
packages/design-contracts check: PASS ./recipes            12 modules    82.4 kB raw   19.1 kB gzip
packages/design-contracts check: PASS ./recipes/base        2 modules    13.5 kB raw    4.8 kB gzip
packages/design-contracts check: PASS ./contracts           5 modules    16.1 kB raw    4.9 kB gzip
packages/design-contracts check: PASS ./version             1 modules     0.2 kB raw    0.2 kB gzip
packages/design-contracts check: PASS ./components/toast    2 modules    25.3 kB raw    5.7 kB gzip
packages/design-contracts check: PASS ./components/form     2 modules    15.1 kB raw    5.3 kB gzip
packages/design-contracts check: PASS ./dataviz             4 modules    14.0 kB raw    5.4 kB gzip
packages/design-contracts check: PASS ./components/agreement  7 modules    24.4 kB raw    7.5 kB gzip
packages/design-contracts check: PASS ./components/alert-dialog  1 modules     4.6 kB raw    1.3 kB gzip
packages/design-contracts check: PASS ./components/anchor   6 modules    18.5 kB raw    5.7 kB gzip
packages/design-contracts check: PASS ./components/aspect-ratio  1 modules     1.2 kB raw    0.5 kB gzip
packages/design-contracts check: PASS ./components/asset    5 modules    17.4 kB raw    6.0 kB gzip
packages/design-contracts check: PASS ./components/auth-screen  4 modules    22.2 kB raw    7.8 kB gzip
packages/design-contracts check: PASS ./components/bottom-info  5 modules    16.2 kB raw    5.4 kB gzip
packages/design-contracts check: PASS ./components/bottom-navigation  4 modules    15.3 kB raw    3.6 kB gzip
packages/design-contracts check: PASS ./components/breadcrumb  8 modules    29.4 kB raw    8.2 kB gzip
packages/design-contracts check: PASS ./components/calendar  6 modules    28.2 kB raw    8.5 kB gzip
packages/design-contracts check: PASS ./components/card     3 modules    14.6 kB raw    5.0 kB gzip
packages/design-contracts check: PASS ./components/carousel  7 modules    32.6 kB raw    9.4 kB gzip
packages/design-contracts check: PASS ./components/collapsible  2 modules     8.2 kB raw    3.1 kB gzip
packages/design-contracts check: PASS ./components/collection  1 modules     8.3 kB raw    2.3 kB gzip
packages/design-contracts check: PASS ./components/command-palette  6 modules    19.9 kB raw    6.1 kB gzip
packages/design-contracts check: PASS ./components/container  2 modules     8.1 kB raw    2.8 kB gzip
packages/design-contracts check: PASS ./components/content-state  1 modules     4.1 kB raw    1.0 kB gzip
packages/design-contracts check: PASS ./components/context-menu  1 modules     1.9 kB raw    1.0 kB gzip
packages/design-contracts check: PASS ./components/data-table  6 modules    23.0 kB raw    6.9 kB gzip
packages/design-contracts check: PASS ./components/date-picker  7 modules    34.7 kB raw    9.8 kB gzip
packages/design-contracts check: PASS ./components/date-range  7 modules    31.9 kB raw    9.8 kB gzip
packages/design-contracts check: PASS ./components/description-list  5 modules    17.2 kB raw    5.4 kB gzip
packages/design-contracts check: PASS ./components/design-system-provider  3 modules    18.8 kB raw    6.1 kB gzip
packages/design-contracts check: PASS ./components/file-picker  6 modules    25.2 kB raw    7.5 kB gzip
packages/design-contracts check: PASS ./components/floating-action-button  6 modules    23.7 kB raw    7.6 kB gzip
packages/design-contracts check: PASS ./components/heading  5 modules    16.1 kB raw    5.3 kB gzip
packages/design-contracts check: PASS ./components/icon     1 modules     4.5 kB raw    1.3 kB gzip
packages/design-contracts check: PASS ./components/image    4 modules    11.1 kB raw    3.3 kB gzip
packages/design-contracts check: PASS ./components/layout   6 modules    21.1 kB raw    6.7 kB gzip
packages/design-contracts check: PASS ./components/link     2 modules     9.7 kB raw    2.4 kB gzip
packages/design-contracts check: PASS ./components/load-more  1 modules     4.7 kB raw    1.3 kB gzip
packages/design-contracts check: PASS ./components/mentions  1 modules     5.0 kB raw    1.9 kB gzip
packages/design-contracts check: PASS ./components/menubar  6 modules    19.7 kB raw    6.3 kB gzip
packages/design-contracts check: PASS ./components/native-platform  2 modules    10.1 kB raw    4.1 kB gzip
packages/design-contracts check: PASS ./components/number-field  6 modules    26.1 kB raw    7.6 kB gzip
packages/design-contracts check: PASS ./components/otp-field  6 modules    21.1 kB raw    6.6 kB gzip
packages/design-contracts check: PASS ./components/pagination  6 modules    25.7 kB raw    7.5 kB gzip
packages/design-contracts check: PASS ./components/password-field  6 modules    20.6 kB raw    6.2 kB gzip
packages/design-contracts check: PASS ./components/popover  6 modules    22.0 kB raw    6.8 kB gzip
packages/design-contracts check: PASS ./components/provider-button  3 modules    18.4 kB raw    6.7 kB gzip
packages/design-contracts check: PASS ./components/result   5 modules    17.3 kB raw    5.2 kB gzip
packages/design-contracts check: PASS ./components/sheet    1 modules     3.9 kB raw    1.5 kB gzip
packages/design-contracts check: PASS ./components/side-panel  6 modules    20.5 kB raw    6.4 kB gzip
packages/design-contracts check: PASS ./components/sidebar  6 modules    20.6 kB raw    6.5 kB gzip
packages/design-contracts check: PASS ./components/skip-nav  6 modules    18.3 kB raw    5.8 kB gzip
packages/design-contracts check: PASS ./components/slider   7 modules    32.1 kB raw    9.0 kB gzip
packages/design-contracts check: PASS ./components/splitter  7 modules    30.6 kB raw    8.8 kB gzip
packages/design-contracts check: PASS ./components/statistic  1 modules     2.7 kB raw    0.8 kB gzip
packages/design-contracts check: PASS ./components/steps    5 modules    20.0 kB raw    5.8 kB gzip
packages/design-contracts check: PASS ./components/tag      5 modules    17.4 kB raw    5.3 kB gzip
packages/design-contracts check: PASS ./components/tags-input  6 modules    21.4 kB raw    7.0 kB gzip
packages/design-contracts check: PASS ./components/text-formats  5 modules    15.7 kB raw    4.9 kB gzip
packages/design-contracts check: PASS ./components/timeline  5 modules    18.4 kB raw    5.5 kB gzip
packages/design-contracts check: PASS ./components/toggle-group  7 modules    21.7 kB raw    6.5 kB gzip
packages/design-contracts check: PASS ./components/tooltip  1 modules     3.3 kB raw    1.0 kB gzip
packages/design-contracts check: PASS ./components/top      5 modules    17.3 kB raw    5.7 kB gzip
packages/design-contracts check: PASS ./components/tour     6 modules    25.2 kB raw    7.8 kB gzip
packages/design-contracts check: PASS ./components/transfer-list  8 modules    35.7 kB raw    9.8 kB gzip
packages/design-contracts check: PASS ./components/tree     7 modules    34.0 kB raw    9.8 kB gzip
packages/design-contracts check: PASS ./components/tree-select  8 modules    40.2 kB raw   11.8 kB gzip
packages/design-contracts check: PASS ./components/upload-item  7 modules    23.5 kB raw    7.3 kB gzip
packages/design-contracts check: PASS ./components/visually-hidden  1 modules     0.6 kB raw    0.4 kB gzip
packages/design-contracts check: PASS ./components/masonry  1 modules     1.1 kB raw    0.6 kB gzip
packages/design-contracts check: PASS ./components/virtual-list  1 modules     1.1 kB raw    0.5 kB gzip
packages/design-contracts check: PASS ./components/qr-code  2 modules     2.0 kB raw    0.9 kB gzip
packages/design-contracts check: PASS ./recipes/all        64 modules   337.7 kB raw   83.2 kB gzip
packages/design-contracts check: PASS ./behaviors          60 modules   343.9 kB raw   86.9 kB gzip
packages/design-contracts check: PASS ./catalog            72 modules   391.2 kB raw   96.8 kB gzip
packages/design-contracts check: PASS ./showcase           73 modules   401.5 kB raw   99.9 kB gzip
packages/design-contracts check: PASS ./evidence           75 modules   407.8 kB raw  101.4 kB gzip
packages/design-contracts check: PASS .                    95 modules   566.2 kB raw  140.4 kB gzip
packages/design-contracts check: Done
packages/react check$ pnpm typecheck && pnpm test && pnpm build
packages/react-native check$ pnpm typecheck && pnpm test && pnpm bundle:check
packages/react check: $ tsc -p tsconfig.json --noEmit
packages/react-native check: $ tsc -p tsconfig.json --noEmit
packages/react-native check: $ vitest run
packages/react-native check:  RUN  v4.1.11 /Users/jimin/Developer/app-portfolio/packages/hjm-design-system/packages/react-native
packages/react check: $ pnpm test:ssr && pnpm test:browser
packages/react check: $ vitest run --config vitest.ssr.config.ts
packages/react check:  RUN  v4.1.11 /Users/jimin/Developer/app-portfolio/packages/hjm-design-system/packages/react
packages/react check:  Test Files  17 passed (17)
packages/react check:       Tests  177 passed (177)
packages/react check:    Start at  20:07:35
packages/react check:    Duration  3.49s (transform 9.02s, setup 0ms, import 14.59s, tests 747ms, environment 1ms)
packages/react-native check:  Test Files  51 passed (51)
packages/react-native check:       Tests  855 passed (855)
packages/react-native check:    Start at  20:07:34
packages/react-native check:    Duration  4.87s (transform 3.94s, setup 0ms, import 15.54s, tests 3.55s, environment 4ms)
packages/react check: $ vitest run --config vitest.browser.config.ts
packages/react-native check: $ pnpm build && node scripts/check-metro-bundle.mjs
packages/react check:  RUN  v4.1.11 /Users/jimin/Developer/app-portfolio/packages/hjm-design-system/packages/react
packages/react-native check: $ tsc -p tsconfig.build.json
packages/react-native check: Metro Android production bundle OK | families=40 | modules=618 | raw=1495.6 KiB/1621.1 KiB | gzip=370.2 KiB/400.4 KiB | headroom=8.4% raw/8.2% gzip | preHermes=true | time=1.18s
packages/react-native check: Done
packages/react check: 8:08:32 PM [vite] (client) [console.error] An update to ForwardRef(TextField) inside a test was not wrapped in act(...).
packages/react check: When testing, code that causes React state updates should be wrapped into act(...):
packages/react check: act(() => {
packages/react check:   /* fire events that update state */
packages/react check: });
packages/react check: /* assert on the output */
packages/react check: This ensures that you're testing the behavior the user would see in the browser. Learn more at https://react.dev/link/wrap-tests-with-act
packages/react check: 8:08:32 PM [vite] (client) [console.error] An update to ForwardRef(TextField) inside a test was not wrapped in act(...).
packages/react check: When testing, code that causes React state updates should be wrapped into act(...):
packages/react check: act(() => {
packages/react check:   /* fire events that update state */
packages/react check: });
packages/react check: /* assert on the output */
packages/react check: This ensures that you're testing the behavior the user would see in the browser. Learn more at https://react.dev/link/wrap-tests-with-act
packages/react check: 8:08:32 PM [vite] (client) [console.error] An update to ForwardRef(SelectInner) inside a test was not wrapped in act(...).
packages/react check: When testing, code that causes React state updates should be wrapped into act(...):
packages/react check: act(() => {
packages/react check:   /* fire events that update state */
packages/react check: });
packages/react check: /* assert on the output */
packages/react check: This ensures that you're testing the behavior the user would see in the browser. Learn more at https://react.dev/link/wrap-tests-with-act
packages/react check: 8:08:32 PM [vite] (client) [console.error] An update to ForwardRef(SelectInner) inside a test was not wrapped in act(...).
packages/react check: When testing, code that causes React state updates should be wrapped into act(...):
packages/react check: act(() => {
packages/react check:   /* fire events that update state */
packages/react check: });
packages/react check: /* assert on the output */
packages/react check: This ensures that you're testing the behavior the user would see in the browser. Learn more at https://react.dev/link/wrap-tests-with-act
packages/react check: 8:08:32 PM [vite] (client) [console.error] An update to AnchoredPortal inside a test was not wrapped in act(...).
packages/react check: When testing, code that causes React state updates should be wrapped into act(...):
packages/react check: act(() => {
packages/react check:   /* fire events that update state */
packages/react check: });
packages/react check: /* assert on the output */
packages/react check: This ensures that you're testing the behavior the user would see in the browser. Learn more at https://react.dev/link/wrap-tests-with-act
packages/react check: 8:08:32 PM [vite] (client) [console.error] An update to ForwardRef(SelectInner) inside a test was not wrapped in act(...).
packages/react check: When testing, code that causes React state updates should be wrapped into act(...):
packages/react check: act(() => {
packages/react check:   /* fire events that update state */
packages/react check: });
packages/react check: /* assert on the output */
packages/react check: This ensures that you're testing the behavior the user would see in the browser. Learn more at https://react.dev/link/wrap-tests-with-act
packages/react check: 8:08:32 PM [vite] (client) [console.error] An update to ForwardRef(SelectInner) inside a test was not wrapped in act(...).
packages/react check: When testing, code that causes React state updates should be wrapped into act(...):
packages/react check: act(() => {
packages/react check:   /* fire events that update state */
packages/react check: });
packages/react check: /* assert on the output */
packages/react check: This ensures that you're testing the behavior the user would see in the browser. Learn more at https://react.dev/link/wrap-tests-with-act
packages/react check: 8:08:32 PM [vite] (client) [console.error] An update to ForwardRef(SelectInner) inside a test was not wrapped in act(...).
packages/react check: When testing, code that causes React state updates should be wrapped into act(...):
packages/react check: act(() => {
packages/react check:   /* fire events that update state */
packages/react check: });
packages/react check: /* assert on the output */
packages/react check: This ensures that you're testing the behavior the user would see in the browser. Learn more at https://react.dev/link/wrap-tests-with-act
packages/react check: 8:08:32 PM [vite] (client) [console.error] An update to ForwardRef(SelectInner) inside a test was not wrapped in act(...).
packages/react check: When testing, code that causes React state updates should be wrapped into act(...):
packages/react check: act(() => {
packages/react check:   /* fire events that update state */
packages/react check: });
packages/react check: /* assert on the output */
packages/react check: This ensures that you're testing the behavior the user would see in the browser. Learn more at https://react.dev/link/wrap-tests-with-act
packages/react check: 8:08:32 PM [vite] (client) [console.error] An update to ForwardRef(SelectInner) inside a test was not wrapped in act(...).
packages/react check: When testing, code that causes React state updates should be wrapped into act(...):
packages/react check: act(() => {
packages/react check:   /* fire events that update state */
packages/react check: });
packages/react check: /* assert on the output */
packages/react check: This ensures that you're testing the behavior the user would see in the browser. Learn more at https://react.dev/link/wrap-tests-with-act
packages/react check: 8:08:32 PM [vite] (client) [console.error] An update to ForwardRef(TextField) inside a test was not wrapped in act(...).
packages/react check: When testing, code that causes React state updates should be wrapped into act(...):
packages/react check: act(() => {
packages/react check:   /* fire events that update state */
packages/react check: });
packages/react check: /* assert on the output */
packages/react check: This ensures that you're testing the behavior the user would see in the browser. Learn more at https://react.dev/link/wrap-tests-with-act
packages/react check: 8:08:32 PM [vite] (client) [console.error] An update to ForwardRef(TextField) inside a test was not wrapped in act(...).
packages/react check: When testing, code that causes React state updates should be wrapped into act(...):
packages/react check: act(() => {
packages/react check:   /* fire events that update state */
packages/react check: });
packages/react check: /* assert on the output */
packages/react check: This ensures that you're testing the behavior the user would see in the browser. Learn more at https://react.dev/link/wrap-tests-with-act
packages/react check: 8:08:32 PM [vite] (client) [console.error] An update to ForwardRef(SelectInner) inside a test was not wrapped in act(...).
packages/react check: When testing, code that causes React state updates should be wrapped into act(...):
packages/react check: act(() => {
packages/react check:   /* fire events that update state */
packages/react check: });
packages/react check: /* assert on the output */
packages/react check: This ensures that you're testing the behavior the user would see in the browser. Learn more at https://react.dev/link/wrap-tests-with-act
packages/react check: 8:08:32 PM [vite] (client) [console.error] An update to ForwardRef(SelectInner) inside a test was not wrapped in act(...).
packages/react check: When testing, code that causes React state updates should be wrapped into act(...):
packages/react check: act(() => {
packages/react check:   /* fire events that update state */
packages/react check: });
packages/react check: /* assert on the output */
packages/react check: This ensures that you're testing the behavior the user would see in the browser. Learn more at https://react.dev/link/wrap-tests-with-act
packages/react check: 8:08:32 PM [vite] (client) [console.error] An update to AnchoredPortal inside a test was not wrapped in act(...).
packages/react check: When testing, code that causes React state updates should be wrapped into act(...):
packages/react check: act(() => {
packages/react check:   /* fire events that update state */
packages/react check: });
packages/react check: /* assert on the output */
packages/react check: This ensures that you're testing the behavior the user would see in the browser. Learn more at https://react.dev/link/wrap-tests-with-act
packages/react check: 8:08:32 PM [vite] (client) [console.error] An update to ForwardRef(SelectInner) inside a test was not wrapped in act(...).
packages/react check: When testing, code that causes React state updates should be wrapped into act(...):
packages/react check: act(() => {
packages/react check:   /* fire events that update state */
packages/react check: });
packages/react check: /* assert on the output */
packages/react check: This ensures that you're testing the behavior the user would see in the browser. Learn more at https://react.dev/link/wrap-tests-with-act
packages/react check: 8:08:32 PM [vite] (client) [console.error] An update to ForwardRef(SelectInner) inside a test was not wrapped in act(...).
packages/react check: When testing, code that causes React state updates should be wrapped into act(...):
packages/react check: act(() => {
packages/react check:   /* fire events that update state */
packages/react check: });
packages/react check: /* assert on the output */
packages/react check: This ensures that you're testing the behavior the user would see in the browser. Learn more at https://react.dev/link/wrap-tests-with-act
packages/react check: 8:08:32 PM [vite] (client) [console.error] An update to ForwardRef(SelectInner) inside a test was not wrapped in act(...).
packages/react check: When testing, code that causes React state updates should be wrapped into act(...):
packages/react check: act(() => {
packages/react check:   /* fire events that update state */
packages/react check: });
packages/react check: /* assert on the output */
packages/react check: This ensures that you're testing the behavior the user would see in the browser. Learn more at https://react.dev/link/wrap-tests-with-act
packages/react check: 8:08:32 PM [vite] (client) [console.error] An update to ForwardRef(SelectInner) inside a test was not wrapped in act(...).
packages/react check: When testing, code that causes React state updates should be wrapped into act(...):
packages/react check: act(() => {
packages/react check:   /* fire events that update state */
packages/react check: });
packages/react check: /* assert on the output */
packages/react check: This ensures that you're testing the behavior the user would see in the browser. Learn more at https://react.dev/link/wrap-tests-with-act
packages/react check: 8:08:32 PM [vite] (client) [console.error] An update to ForwardRef(SelectInner) inside a test was not wrapped in act(...).
packages/react check: When testing, code that causes React state updates should be wrapped into act(...):
packages/react check: act(() => {
packages/react check:   /* fire events that update state */
packages/react check: });
packages/react check: /* assert on the output */
packages/react check: This ensures that you're testing the behavior the user would see in the browser. Learn more at https://react.dev/link/wrap-tests-with-act
packages/react check: 8:08:36 PM [vite] (client) [console.error] An update to DateRangePicker inside a test was not wrapped in act(...).
packages/react check: When testing, code that causes React state updates should be wrapped into act(...):
packages/react check: act(() => {
packages/react check:   /* fire events that update state */
packages/react check: });
packages/react check: /* assert on the output */
packages/react check: This ensures that you're testing the behavior the user would see in the browser. Learn more at https://react.dev/link/wrap-tests-with-act
packages/react check: 8:08:36 PM [vite] (client) [console.error] An update to Calendar inside a test was not wrapped in act(...).
packages/react check: When testing, code that causes React state updates should be wrapped into act(...):
packages/react check: act(() => {
packages/react check:   /* fire events that update state */
packages/react check: });
packages/react check: /* assert on the output */
packages/react check: This ensures that you're testing the behavior the user would see in the browser. Learn more at https://react.dev/link/wrap-tests-with-act
packages/react check: 8:08:36 PM [vite] (client) [console.error] An update to Fixture inside a test was not wrapped in act(...).
packages/react check: When testing, code that causes React state updates should be wrapped into act(...):
packages/react check: act(() => {
packages/react check:   /* fire events that update state */
packages/react check: });
packages/react check: /* assert on the output */
packages/react check: This ensures that you're testing the behavior the user would see in the browser. Learn more at https://react.dev/link/wrap-tests-with-act
packages/react check: 8:08:36 PM [vite] (client) [console.error] An update to DateRangePicker inside a test was not wrapped in act(...).
packages/react check: When testing, code that causes React state updates should be wrapped into act(...):
packages/react check: act(() => {
packages/react check:   /* fire events that update state */
packages/react check: });
packages/react check: /* assert on the output */
packages/react check: This ensures that you're testing the behavior the user would see in the browser. Learn more at https://react.dev/link/wrap-tests-with-act
packages/react check: 8:08:36 PM [vite] (client) [console.error] An update to Calendar inside a test was not wrapped in act(...).
packages/react check: When testing, code that causes React state updates should be wrapped into act(...):
packages/react check: act(() => {
packages/react check:   /* fire events that update state */
packages/react check: });
packages/react check: /* assert on the output */
packages/react check: This ensures that you're testing the behavior the user would see in the browser. Learn more at https://react.dev/link/wrap-tests-with-act
packages/react check: 8:08:36 PM [vite] (client) [console.error] An update to Fixture inside a test was not wrapped in act(...).
packages/react check: When testing, code that causes React state updates should be wrapped into act(...):
packages/react check: act(() => {
packages/react check:   /* fire events that update state */
packages/react check: });
packages/react check: /* assert on the output */
packages/react check: This ensures that you're testing the behavior the user would see in the browser. Learn more at https://react.dev/link/wrap-tests-with-act
packages/react check: 8:08:45 PM [vite] (client) [console.error] An update to VirtualList inside a test was not wrapped in act(...).
packages/react check: When testing, code that causes React state updates should be wrapped into act(...):
packages/react check: act(() => {
packages/react check:   /* fire events that update state */
packages/react check: });
packages/react check: /* assert on the output */
packages/react check: This ensures that you're testing the behavior the user would see in the browser. Learn more at https://react.dev/link/wrap-tests-with-act
packages/react check: 8:08:45 PM [vite] (client) [console.error] An update to VirtualList inside a test was not wrapped in act(...).
packages/react check: When testing, code that causes React state updates should be wrapped into act(...):
packages/react check: act(() => {
packages/react check:   /* fire events that update state */
packages/react check: });
packages/react check: /* assert on the output */
packages/react check: This ensures that you're testing the behavior the user would see in the browser. Learn more at https://react.dev/link/wrap-tests-with-act
packages/react check: 8:08:45 PM [vite] (client) [console.error] An update to VirtualList inside a test was not wrapped in act(...).
packages/react check: When testing, code that causes React state updates should be wrapped into act(...):
packages/react check: act(() => {
packages/react check:   /* fire events that update state */
packages/react check: });
packages/react check: /* assert on the output */
packages/react check: This ensures that you're testing the behavior the user would see in the browser. Learn more at https://react.dev/link/wrap-tests-with-act
packages/react check: 8:08:45 PM [vite] (client) [console.error] An update to VirtualList inside a test was not wrapped in act(...).
packages/react check: When testing, code that causes React state updates should be wrapped into act(...):
packages/react check: act(() => {
packages/react check:   /* fire events that update state */
packages/react check: });
packages/react check: /* assert on the output */
packages/react check: This ensures that you're testing the behavior the user would see in the browser. Learn more at https://react.dev/link/wrap-tests-with-act
packages/react check:  Test Files  70 passed (70)
packages/react check:       Tests  913 passed (913)
packages/react check:    Start at  20:07:40
packages/react check:    Duration  66.78s (transform 0ms, setup 0ms, import 2.20s, tests 60.32s, environment 0ms)
packages/react check: $ tsc -p tsconfig.build.json && node scripts/copy-styles.mjs
packages/react check: Done
$ node scripts/check-renderer-budgets.mjs

@hjmds/react import-graph budgets
PASS .                    63 modules   438.6 kB raw   91.9 kB gzip  headroom=2.4% raw/2.4% gzip
PASS ./provider            3 modules    17.1 kB raw    4.8 kB gzip  headroom=5.6% raw/7.9% gzip
PASS ./carousel            5 modules    27.6 kB raw    7.2 kB gzip  headroom=5.5% raw/5.2% gzip
PASS ./floating-action-button  5 modules    25.8 kB raw    6.8 kB gzip  headroom=5.1% raw/7.2% gzip
PASS ./top-bar             5 modules    24.2 kB raw    6.3 kB gzip  headroom=3.9% raw/4.7% gzip
PASS ./bottom-cta          5 modules    24.3 kB raw    6.3 kB gzip  headroom=3.2% raw/4.3% gzip
PASS ./layout              2 modules    14.0 kB raw    3.9 kB gzip  headroom=21.2% raw/15.9% gzip
PASS ./actions             2 modules     6.8 kB raw    1.8 kB gzip  headroom=3.4% raw/4.3% gzip
PASS ./forms              13 modules   113.3 kB raw   24.3 kB gzip  headroom=6.0% raw/3.8% gzip
PASS ./password-field      3 modules    18.3 kB raw    4.3 kB gzip  headroom=446.4% raw/370.4% gzip
PASS ./otp-field           3 modules    18.3 kB raw    4.3 kB gzip  headroom=446.7% raw/370.4% gzip
PASS ./number-field        2 modules     9.2 kB raw    2.7 kB gzip  headroom=24.4% raw/21.4% gzip
PASS ./slider              2 modules     9.6 kB raw    2.6 kB gzip  headroom=20.4% raw/20.8% gzip
PASS ./date-picker         5 modules    29.6 kB raw    7.8 kB gzip  headroom=8.4% raw/7.3% gzip
PASS ./calendar            4 modules    24.0 kB raw    6.6 kB gzip  headroom=16.9% raw/8.5% gzip
PASS ./file-picker         2 modules     5.6 kB raw    1.8 kB gzip  headroom=133.1% raw/94.8% gzip
PASS ./steps               2 modules     4.0 kB raw    1.3 kB gzip  headroom=100.6% raw/85.5% gzip
PASS ./upload-item         4 modules    15.9 kB raw    3.8 kB gzip  headroom=7.0% raw/6.4% gzip
PASS ./selection           2 modules    22.5 kB raw    4.0 kB gzip  headroom=6.8% raw/3.0% gzip
PASS ./navigation         11 modules    48.6 kB raw   11.4 kB gzip  headroom=7.2% raw/6.6% gzip
PASS ./breadcrumb          2 modules     3.7 kB raw    1.3 kB gzip  headroom=15.0% raw/17.0% gzip
PASS ./pagination          2 modules     4.8 kB raw    1.5 kB gzip  headroom=16.7% raw/17.6% gzip
PASS ./anchor              4 modules    23.7 kB raw    6.5 kB gzip  headroom=9.9% raw/9.7% gzip
PASS ./display            11 modules    75.9 kB raw   17.9 kB gzip  headroom=1.6% raw/2.9% gzip
PASS ./overlays            7 modules    88.9 kB raw   18.6 kB gzip  headroom=5.9% raw/2.9% gzip
PASS ./popover             6 modules    49.8 kB raw   12.1 kB gzip  headroom=4.6% raw/4.9% gzip
PASS ./side-panel          6 modules    50.4 kB raw   12.2 kB gzip  headroom=7.3% raw/8.2% gzip
PASS ./splitter            2 modules     8.9 kB raw    2.9 kB gzip  headroom=12.3% raw/10.8% gzip
PASS ./tour                7 modules    55.7 kB raw   13.3 kB gzip  headroom=8.0% raw/8.3% gzip
PASS ./tree                4 modules    25.4 kB raw    6.9 kB gzip  headroom=6.5% raw/8.2% gzip
PASS ./transfer-list       3 modules    14.7 kB raw    3.6 kB gzip  headroom=9.1% raw/10.0% gzip
PASS ./mentions            4 modules    38.1 kB raw    8.7 kB gzip  headroom=7.6% raw/7.2% gzip
PASS ./command-palette     6 modules    50.6 kB raw   12.2 kB gzip  headroom=6.9% raw/8.0% gzip
PASS ./agreement           2 modules     6.0 kB raw    1.9 kB gzip  headroom=17.4% raw/18.8% gzip
PASS ./top                 2 modules     3.9 kB raw    1.3 kB gzip  headroom=15.5% raw/17.7% gzip
PASS ./heading             2 modules     3.5 kB raw    1.2 kB gzip  headroom=18.7% raw/15.2% gzip
PASS ./text-formats        2 modules     3.2 kB raw    1.2 kB gzip  headroom=20.1% raw/25.3% gzip
PASS ./clipboard           3 modules     8.9 kB raw    2.5 kB gzip  headroom=12.1% raw/15.2% gzip
PASS ./toggle-group        2 modules     4.3 kB raw    1.4 kB gzip  headroom=17.5% raw/20.1% gzip
PASS ./tags-input          2 modules     9.1 kB raw    2.7 kB gzip  headroom=10.3% raw/11.4% gzip
PASS ./skip-nav            2 modules     3.9 kB raw    1.4 kB gzip  headroom=17.2% raw/23.6% gzip
PASS ./bottom-info         2 modules     3.6 kB raw    1.3 kB gzip  headroom=20.4% raw/27.1% gzip
PASS ./sidebar             2 modules     5.8 kB raw    1.7 kB gzip  headroom=17.8% raw/20.8% gzip
PASS ./overlay-stack       8 modules    91.1 kB raw   19.2 kB gzip  headroom=6.6% raw/7.3% gzip
PASS ./date-range          5 modules    26.5 kB raw    7.2 kB gzip  headroom=6.2% raw/6.8% gzip
PASS ./provider-button     4 modules    19.5 kB raw    5.3 kB gzip  headroom=8.2% raw/10.0% gzip
PASS ./auth-screen         2 modules     4.3 kB raw    1.4 kB gzip  headroom=181.2% raw/154.4% gzip
PASS ./data-table          4 modules    22.9 kB raw    6.3 kB gzip  headroom=9.8% raw/11.5% gzip
PASS ./collapsible         2 modules     4.0 kB raw    1.4 kB gzip  headroom=26.2% raw/25.7% gzip
PASS ./context-menu        6 modules    51.5 kB raw   12.1 kB gzip  headroom=4.9% raw/4.9% gzip
PASS ./menubar             2 modules    10.0 kB raw    2.6 kB gzip  headroom=15.4% raw/13.9% gzip
PASS ./asset               4 modules    19.4 kB raw    5.4 kB gzip  headroom=8.7% raw/8.3% gzip
PASS ./feedback            3 modules    13.0 kB raw    3.2 kB gzip  headroom=3.7% raw/3.4% gzip
PASS ./toast               4 modules    31.6 kB raw    7.9 kB gzip  headroom=1.7% raw/4.8% gzip
PASS ./evidence            1 modules    13.3 kB raw    3.2 kB gzip  headroom=5.2% raw/5.3% gzip
PASS ./thinking-orb        4 modules    21.4 kB raw    6.0 kB gzip  headroom=12.5% raw/14.9% gzip
PASS ./statistic-motion    5 modules    35.7 kB raw    9.2 kB gzip  headroom=23.4% raw/23.9% gzip
PASS ./menu-morph          8 modules    93.6 kB raw   19.9 kB gzip  headroom=15.5% raw/16.7% gzip
PASS ./masonry             1 modules     1.2 kB raw    0.5 kB gzip  headroom=27.3% raw/31.3% gzip
PASS ./virtual-list        1 modules     3.8 kB raw    1.4 kB gzip  headroom=26.1% raw/26.0% gzip
PASS ./qr-code             1 modules     1.3 kB raw    0.7 kB gzip  headroom=29.2% raw/27.1% gzip
PASS ./styles.css          153.0 kB raw   24.9 kB gzip  headroom=0.6% raw/2.6% gzip
PASS ./styles.layered.css  153.0 kB raw   24.9 kB gzip  headroom=0.7% raw/2.6% gzip

@hjmds/react-native import-graph budgets
PASS .                    38 modules   424.7 kB raw   79.0 kB gzip  headroom=9.8% raw/6.3% gzip
PASS ./provider            1 modules     5.2 kB raw    1.7 kB gzip  headroom=3.0% raw/5.4% gzip
PASS ./carousel            6 modules    40.0 kB raw    9.6 kB gzip  headroom=9.1% raw/9.9% gzip
PASS ./floating-action-button  5 modules    37.4 kB raw    8.8 kB gzip  headroom=8.8% raw/9.9% gzip
PASS ./top-bar             9 modules   144.8 kB raw   29.3 kB gzip  headroom=4.4% raw/3.1% gzip
PASS ./bottom-cta          4 modules    33.1 kB raw    7.7 kB gzip  headroom=7.0% raw/5.0% gzip
PASS ./composition-style   1 modules     1.0 kB raw    0.6 kB gzip  headroom=93.6% raw/73.0% gzip
PASS ./primitives          3 modules    20.5 kB raw    5.4 kB gzip  headroom=8.2% raw/9.0% gzip
PASS ./actions             4 modules    33.1 kB raw    7.7 kB gzip  headroom=7.0% raw/5.0% gzip
PASS ./inputs             15 modules   173.8 kB raw   32.6 kB gzip  headroom=2.8% raw/0.8% gzip
PASS ./password-field      7 modules    80.5 kB raw   16.6 kB gzip  headroom=31.3% raw/21.9% gzip
PASS ./otp-field           7 modules    80.5 kB raw   16.6 kB gzip  headroom=31.3% raw/21.9% gzip
PASS ./number-field        4 modules    18.1 kB raw    4.5 kB gzip  headroom=15.4% raw/12.8% gzip
PASS ./slider              4 modules    17.9 kB raw    4.5 kB gzip  headroom=14.8% raw/12.7% gzip
PASS ./date-picker        10 modules    97.0 kB raw   19.3 kB gzip  headroom=8.9% raw/12.3% gzip
PASS ./calendar            6 modules    33.6 kB raw    8.9 kB gzip  headroom=15.1% raw/3.9% gzip
PASS ./agreement           4 modules    25.4 kB raw    6.3 kB gzip  headroom=8.9% raw/11.4% gzip
PASS ./top                 4 modules    22.7 kB raw    5.8 kB gzip  headroom=11.0% raw/11.4% gzip
PASS ./heading             4 modules    21.7 kB raw    5.6 kB gzip  headroom=9.4% raw/11.6% gzip
PASS ./toggle-group        4 modules    23.2 kB raw    5.9 kB gzip  headroom=10.7% raw/11.3% gzip
PASS ./bottom-info         4 modules    21.9 kB raw    5.7 kB gzip  headroom=10.4% raw/11.9% gzip
PASS ./collapsible         4 modules    22.0 kB raw    5.8 kB gzip  headroom=12.3% raw/13.3% gzip
PASS ./asset               2 modules     8.2 kB raw    2.6 kB gzip  headroom=18.6% raw/17.9% gzip
PASS ./tags-input          4 modules    25.1 kB raw    6.4 kB gzip  headroom=10.3% raw/9.6% gzip
PASS ./date-range          7 modules    36.6 kB raw    9.5 kB gzip  headroom=8.6% raw/9.1% gzip
PASS ./mentions            7 modules    83.8 kB raw   17.4 kB gzip  headroom=5.9% raw/4.6% gzip
PASS ./transfer-list       6 modules    38.3 kB raw    8.9 kB gzip  headroom=8.8% raw/8.7% gzip
PASS ./keyboard            1 modules     2.2 kB raw    0.9 kB gzip  headroom=26.4% raw/31.6% gzip
PASS ./provider-button     4 modules    22.8 kB raw    5.8 kB gzip  headroom=10.6% raw/10.6% gzip
PASS ./auth-screen         1 modules     2.4 kB raw    1.0 kB gzip  headroom=478.5% raw/331.7% gzip
PASS ./file-picker         4 modules    23.1 kB raw    6.1 kB gzip  headroom=6.7% raw/10.8% gzip
PASS ./steps               4 modules    22.9 kB raw    5.9 kB gzip  headroom=12.2% raw/13.5% gzip
PASS ./upload-item         6 modules    78.2 kB raw   16.6 kB gzip  headroom=15.3% raw/14.4% gzip
PASS ./forms               7 modules    75.1 kB raw   15.4 kB gzip  headroom=11.4% raw/9.5% gzip
PASS ./navigation          9 modules   144.8 kB raw   29.3 kB gzip  headroom=4.4% raw/3.1% gzip
PASS ./data-display        6 modules    74.6 kB raw   15.1 kB gzip  headroom=4.2% raw/0.6% gzip
PASS ./feedback            5 modules    75.0 kB raw   15.9 kB gzip  headroom=9.0% raw/7.6% gzip
PASS ./overlays            6 modules    78.9 kB raw   15.1 kB gzip  headroom=8.0% raw/1.8% gzip
PASS ./evidence            1 modules    10.9 kB raw    2.8 kB gzip  headroom=9.6% raw/11.4% gzip
PASS ./toast-liquid        2 modules    15.4 kB raw    4.3 kB gzip  headroom=17.8% raw/17.5% gzip
PASS ./thinking-orb        2 modules     9.5 kB raw    2.9 kB gzip  headroom=65.1% raw/60.1% gzip
PASS ./image-viewer        5 modules    37.9 kB raw    9.1 kB gzip  headroom=12.6% raw/12.9% gzip
PASS ./keyboard-controller  1 modules     1.2 kB raw    0.6 kB gzip  headroom=37.3% raw/44.1% gzip
PASS ./sheet-gesture       5 modules    36.6 kB raw    8.8 kB gzip  headroom=13.9% raw/14.3% gzip
PASS ./context-menu-native  1 modules     1.1 kB raw    0.5 kB gzip  headroom=41.5% raw/49.8% gzip
PASS ./masonry             2 modules     6.5 kB raw    2.1 kB gzip  headroom=33.0% raw/42.0% gzip
PASS ./virtual-list        1 modules     1.2 kB raw    0.6 kB gzip  headroom=14.7% raw/10.2% gzip
PASS ./qr-code             1 modules     1.4 kB raw    0.7 kB gzip  headroom=26.2% raw/25.2% gzip

Verified renderer graph budgets and platform boundaries.
$ node scripts/check-workspace-sync.mjs
@hjmds/react: 100/100 active web contracts claimed.
@hjmds/react-native: 83/83 active native contracts claimed.
Verified fixed 1.7.0 package, export, catalog, docs, and evidence sync.
$ node scripts/sync-renderer-evidence.mjs
Verified synchronized first-party renderer evidence coverage.
$ node scripts/check-doc-links.mjs
documentation links: ready (169 Markdown files)
$ node --test scripts/check-release-governance.test.mjs && node scripts/check-release-governance.mjs
✔ current internal release gates are connected without claiming external consumer validation (1.448166ms)
✔ release bypasses canonical CI (1.301417ms)
✔ scenario registry checks are removed (0.61575ms)
✔ generated drift check becomes write mode (0.382166ms)
✔ contract projection gate disappears (0.441208ms)
✔ renderer runtime tests become a no-op (0.440875ms)
✔ browser proof runner skips tests (0.458041ms)
✔ release verification is conditional (0.535791ms)
✔ release verification ignores failure (0.389875ms)
✔ release workflow calls a weaker command (0.478458ms)
✔ ci:check drops the web showcase tests (0.5125ms)
✔ showcase workflow skips canonical check (0.470375ms)
✔ scenario registry is missing (0.58325ms)
✔ scenario proof is detached (0.396625ms)
✔ consumer dispatch is added without a validated consumer contract (0.339958ms)
ℹ tests 15
ℹ suites 0
ℹ pass 15
ℹ fail 0
ℹ cancelled 0
ℹ skipped 0
ℹ todo 0
ℹ duration_ms 143.401333
{
  "scope": "internal-package-and-showcase",
  "consumerDispatchGate": "not-implemented",
  "pass": true
}
$ pnpm --filter @hjmds/design-contracts build && pnpm --filter @hjmds/react-native build && pnpm --filter @hjm/showcase-native check
$ tsc -p tsconfig.build.json
$ tsc -p tsconfig.build.json
$ pnpm storybook:generate && pnpm typecheck && pnpm test
$ sb-rn-get-stories
(node:81365) [DEP0205] DeprecationWarning: `module.register()` is deprecated. Use `module.registerHooks()` instead.
(Use `node --trace-deprecation ...` to show where the warning was created)
$ tsc --noEmit
$ vitest run

 RUN  v4.1.11 /Users/jimin/Developer/app-portfolio/packages/hjm-design-system/showcase/native


 Test Files  1 passed (1)
      Tests  1 passed (1)
   Start at  20:09:03
   Duration  217ms (transform 34ms, setup 0ms, import 46ms, tests 2ms, environment 0ms)

$ pnpm --filter @hjmds/design-contracts build && pnpm --filter @hjmds/react build && pnpm --filter @hjm/showcase-web check
$ tsc -p tsconfig.build.json
$ tsc -p tsconfig.build.json && node scripts/copy-styles.mjs
$ pnpm typecheck && pnpm test && pnpm verify:tokens
$ tsc --noEmit
$ vitest run

 RUN  v4.1.11 /Users/jimin/Developer/app-portfolio/packages/hjm-design-system/showcase/web


 Test Files  4 passed (4)
      Tests  20 passed (20)
   Start at  20:09:12
   Duration  1.10s (transform 1.31s, setup 0ms, import 1.79s, tests 222ms, environment 0ms)

$ node scripts/verify-token-boundary.mjs
Verified 66 token-sensitive declarations across 52 Showcase source files; 66 exact editorial/demo geometry exceptions are documented.
$ pnpm --filter @hjmds/design-contracts build && pnpm --filter @hjmds/react build && pnpm --filter @hjm/showcase-web build && pnpm --filter @hjm/showcase-web verify:static
$ tsc -p tsconfig.build.json
$ tsc -p tsconfig.build.json && node scripts/copy-styles.mjs
$ storybook build

┌  Building storybook v10.6.0
│
◇  Cleaning outputDir: storybook-static
(node:81819) [DEP0205] DeprecationWarning: `module.register()` is deprecated. Use `module.registerHooks()` instead.
(Use `node --trace-deprecation ...` to show where the warning was created)
│
◇  Loading presets
│
◇  Building manager..
│
●  Building open services..
│
●  Building preview..
│  Vite vite v7.3.6 building client environment for production...
│  Vite transforming...
│
▲  Vite
│  ../../node_modules/.pnpm/@number-flow+react@0.6.2_react-dom@19.2.3_react@19.2.3__react@19.2.3/node_modules/@number-flow/react/dist/NumberFlow-client-BGPmzcXX.mjs
│  (1:0): Module level directives cause errors when bundled, "use client"
│  in
│  "../../node_modules/.pnpm/@number-flow+react@0.6.2_react-dom@19.2.3_react@19.2.3__react@19.2.3/node_modules/@number-flow/react/dist/NumberFlow-client-BGPmzcXX.mjs"
│  was ignored.
│
▲  Vite
│  ../../node_modules/.pnpm/framer-motion@13.4.4_react-dom@19.2.3_react@19.2.3__react@19.2.3/node_modules/framer-motion/dist/es/components/AnimatePresence/PresenceChild.mjs
│  (1:0): Module level directives cause errors when bundled, "use client"
│  in
│  "../../node_modules/.pnpm/framer-motion@13.4.4_react-dom@19.2.3_react@19.2.3__react@19.2.3/node_modules/framer-motion/dist/es/components/AnimatePresence/PresenceChild.mjs"
│  was ignored.
│
▲  Vite
│  ../../node_modules/.pnpm/framer-motion@13.4.4_react-dom@19.2.3_react@19.2.3__react@19.2.3/node_modules/framer-motion/dist/es/components/AnimatePresence/PopChild.mjs
│  (1:0): Module level directives cause errors when bundled, "use client"
│  in
│  "../../node_modules/.pnpm/framer-motion@13.4.4_react-dom@19.2.3_react@19.2.3__react@19.2.3/node_modules/framer-motion/dist/es/components/AnimatePresence/PopChild.mjs"
│  was ignored.
│
▲  Vite
│  ../../node_modules/.pnpm/framer-motion@13.4.4_react-dom@19.2.3_react@19.2.3__react@19.2.3/node_modules/framer-motion/dist/es/components/LazyMotion/index.mjs
│  (1:0): Module level directives cause errors when bundled, "use client"
│  in
│  "../../node_modules/.pnpm/framer-motion@13.4.4_react-dom@19.2.3_react@19.2.3__react@19.2.3/node_modules/framer-motion/dist/es/components/LazyMotion/index.mjs"
│  was ignored.
│
▲  Vite
│  ../../node_modules/.pnpm/framer-motion@13.4.4_react-dom@19.2.3_react@19.2.3__react@19.2.3/node_modules/framer-motion/dist/es/components/LayoutGroup/index.mjs
│  (1:0): Module level directives cause errors when bundled, "use client"
│  in
│  "../../node_modules/.pnpm/framer-motion@13.4.4_react-dom@19.2.3_react@19.2.3__react@19.2.3/node_modules/framer-motion/dist/es/components/LayoutGroup/index.mjs"
│  was ignored.
│
▲  Vite
│  ../../node_modules/.pnpm/framer-motion@13.4.4_react-dom@19.2.3_react@19.2.3__react@19.2.3/node_modules/framer-motion/dist/es/components/MotionConfig/index.mjs
│  (1:0): Module level directives cause errors when bundled, "use client"
│  in
│  "../../node_modules/.pnpm/framer-motion@13.4.4_react-dom@19.2.3_react@19.2.3__react@19.2.3/node_modules/framer-motion/dist/es/components/MotionConfig/index.mjs"
│  was ignored.
│
▲  Vite
│  ../../node_modules/.pnpm/framer-motion@13.4.4_react-dom@19.2.3_react@19.2.3__react@19.2.3/node_modules/framer-motion/dist/es/motion/utils/use-visual-state.mjs
│  (1:0): Module level directives cause errors when bundled, "use client"
│  in
│  "../../node_modules/.pnpm/framer-motion@13.4.4_react-dom@19.2.3_react@19.2.3__react@19.2.3/node_modules/framer-motion/dist/es/motion/utils/use-visual-state.mjs"
│  was ignored.
│
▲  Vite
│  ../../node_modules/.pnpm/framer-motion@13.4.4_react-dom@19.2.3_react@19.2.3__react@19.2.3/node_modules/framer-motion/dist/es/utils/use-force-update.mjs
│  (1:0): Module level directives cause errors when bundled, "use client"
│  in
│  "../../node_modules/.pnpm/framer-motion@13.4.4_react-dom@19.2.3_react@19.2.3__react@19.2.3/node_modules/framer-motion/dist/es/utils/use-force-update.mjs"
│  was ignored.
│
▲  Vite
│  ../../node_modules/.pnpm/framer-motion@13.4.4_react-dom@19.2.3_react@19.2.3__react@19.2.3/node_modules/framer-motion/dist/es/utils/use-unmount-effect.mjs
│  (1:0): Module level directives cause errors when bundled, "use client"
│  in
│  "../../node_modules/.pnpm/framer-motion@13.4.4_react-dom@19.2.3_react@19.2.3__react@19.2.3/node_modules/framer-motion/dist/es/utils/use-unmount-effect.mjs"
│  was ignored.
│
▲  Vite
│  ../../node_modules/.pnpm/framer-motion@13.4.4_react-dom@19.2.3_react@19.2.3__react@19.2.3/node_modules/framer-motion/dist/es/render/dom/features-animation.mjs
│  (1:0): Module level directives cause errors when bundled, "use client"
│  in
│  "../../node_modules/.pnpm/framer-motion@13.4.4_react-dom@19.2.3_react@19.2.3__react@19.2.3/node_modules/framer-motion/dist/es/render/dom/features-animation.mjs"
│  was ignored.
│
▲  Vite
│  ../../node_modules/.pnpm/framer-motion@13.4.4_react-dom@19.2.3_react@19.2.3__react@19.2.3/node_modules/framer-motion/dist/es/utils/use-isomorphic-effect.mjs
│  (1:0): Module level directives cause errors when bundled, "use client"
│  in
│  "../../node_modules/.pnpm/framer-motion@13.4.4_react-dom@19.2.3_react@19.2.3__react@19.2.3/node_modules/framer-motion/dist/es/utils/use-isomorphic-effect.mjs"
│  was ignored.
│
▲  Vite
│  ../../node_modules/.pnpm/framer-motion@13.4.4_react-dom@19.2.3_react@19.2.3__react@19.2.3/node_modules/framer-motion/dist/es/render/dom/features-max.mjs
│  (1:0): Module level directives cause errors when bundled, "use client"
│  in
│  "../../node_modules/.pnpm/framer-motion@13.4.4_react-dom@19.2.3_react@19.2.3__react@19.2.3/node_modules/framer-motion/dist/es/render/dom/features-max.mjs"
│  was ignored.
│
▲  Vite
│  ../../node_modules/.pnpm/framer-motion@13.4.4_react-dom@19.2.3_react@19.2.3__react@19.2.3/node_modules/framer-motion/dist/es/render/dom/features-min.mjs
│  (1:0): Module level directives cause errors when bundled, "use client"
│  in
│  "../../node_modules/.pnpm/framer-motion@13.4.4_react-dom@19.2.3_react@19.2.3__react@19.2.3/node_modules/framer-motion/dist/es/render/dom/features-min.mjs"
│  was ignored.
│
▲  Vite
│  ../../node_modules/.pnpm/framer-motion@13.4.4_react-dom@19.2.3_react@19.2.3__react@19.2.3/node_modules/framer-motion/dist/es/utils/use-motion-value-event.mjs
│  (1:0): Module level directives cause errors when bundled, "use client"
│  in
│  "../../node_modules/.pnpm/framer-motion@13.4.4_react-dom@19.2.3_react@19.2.3__react@19.2.3/node_modules/framer-motion/dist/es/utils/use-motion-value-event.mjs"
│  was ignored.
│
▲  Vite
│  ../../node_modules/.pnpm/framer-motion@13.4.4_react-dom@19.2.3_react@19.2.3__react@19.2.3/node_modules/framer-motion/dist/es/value/use-motion-template.mjs
│  (1:0): Module level directives cause errors when bundled, "use client"
│  in
│  "../../node_modules/.pnpm/framer-motion@13.4.4_react-dom@19.2.3_react@19.2.3__react@19.2.3/node_modules/framer-motion/dist/es/value/use-motion-template.mjs"
│  was ignored.
│
▲  Vite
│  ../../node_modules/.pnpm/framer-motion@13.4.4_react-dom@19.2.3_react@19.2.3__react@19.2.3/node_modules/framer-motion/dist/es/value/use-motion-value.mjs
│  (1:0): Module level directives cause errors when bundled, "use client"
│  in
│  "../../node_modules/.pnpm/framer-motion@13.4.4_react-dom@19.2.3_react@19.2.3__react@19.2.3/node_modules/framer-motion/dist/es/value/use-motion-value.mjs"
│  was ignored.
│
▲  Vite
│  ../../node_modules/.pnpm/framer-motion@13.4.4_react-dom@19.2.3_react@19.2.3__react@19.2.3/node_modules/framer-motion/dist/es/value/use-follow-value.mjs
│  (1:0): Module level directives cause errors when bundled, "use client"
│  in
│  "../../node_modules/.pnpm/framer-motion@13.4.4_react-dom@19.2.3_react@19.2.3__react@19.2.3/node_modules/framer-motion/dist/es/value/use-follow-value.mjs"
│  was ignored.
│
▲  Vite
│  ../../node_modules/.pnpm/framer-motion@13.4.4_react-dom@19.2.3_react@19.2.3__react@19.2.3/node_modules/framer-motion/dist/es/value/use-spring.mjs
│  (1:0): Module level directives cause errors when bundled, "use client"
│  in
│  "../../node_modules/.pnpm/framer-motion@13.4.4_react-dom@19.2.3_react@19.2.3__react@19.2.3/node_modules/framer-motion/dist/es/value/use-spring.mjs"
│  was ignored.
│
▲  Vite
│  ../../node_modules/.pnpm/framer-motion@13.4.4_react-dom@19.2.3_react@19.2.3__react@19.2.3/node_modules/framer-motion/dist/es/value/use-time.mjs
│  (1:0): Module level directives cause errors when bundled, "use client"
│  in
│  "../../node_modules/.pnpm/framer-motion@13.4.4_react-dom@19.2.3_react@19.2.3__react@19.2.3/node_modules/framer-motion/dist/es/value/use-time.mjs"
│  was ignored.
│
▲  Vite
│  ../../node_modules/.pnpm/framer-motion@13.4.4_react-dom@19.2.3_react@19.2.3__react@19.2.3/node_modules/framer-motion/dist/es/value/use-scroll.mjs
│  (1:0): Module level directives cause errors when bundled, "use client"
│  in
│  "../../node_modules/.pnpm/framer-motion@13.4.4_react-dom@19.2.3_react@19.2.3__react@19.2.3/node_modules/framer-motion/dist/es/value/use-scroll.mjs"
│  was ignored.
│
▲  Vite
│  ../../node_modules/.pnpm/framer-motion@13.4.4_react-dom@19.2.3_react@19.2.3__react@19.2.3/node_modules/framer-motion/dist/es/value/use-transform.mjs
│  (1:0): Module level directives cause errors when bundled, "use client"
│  in
│  "../../node_modules/.pnpm/framer-motion@13.4.4_react-dom@19.2.3_react@19.2.3__react@19.2.3/node_modules/framer-motion/dist/es/value/use-transform.mjs"
│  was ignored.
│
▲  Vite
│  ../../node_modules/.pnpm/framer-motion@13.4.4_react-dom@19.2.3_react@19.2.3__react@19.2.3/node_modules/framer-motion/dist/es/value/use-will-change/index.mjs
│  (1:0): Module level directives cause errors when bundled, "use client"
│  in
│  "../../node_modules/.pnpm/framer-motion@13.4.4_react-dom@19.2.3_react@19.2.3__react@19.2.3/node_modules/framer-motion/dist/es/value/use-will-change/index.mjs"
│  was ignored.
│
▲  Vite
│  ../../node_modules/.pnpm/framer-motion@13.4.4_react-dom@19.2.3_react@19.2.3__react@19.2.3/node_modules/framer-motion/dist/es/value/use-velocity.mjs
│  (1:0): Module level directives cause errors when bundled, "use client"
│  in
│  "../../node_modules/.pnpm/framer-motion@13.4.4_react-dom@19.2.3_react@19.2.3__react@19.2.3/node_modules/framer-motion/dist/es/value/use-velocity.mjs"
│  was ignored.
│
▲  Vite
│  ../../node_modules/.pnpm/framer-motion@13.4.4_react-dom@19.2.3_react@19.2.3__react@19.2.3/node_modules/framer-motion/dist/es/utils/reduced-motion/use-reduced-motion-config.mjs
│  (1:0): Module level directives cause errors when bundled, "use client"
│  in
│  "../../node_modules/.pnpm/framer-motion@13.4.4_react-dom@19.2.3_react@19.2.3__react@19.2.3/node_modules/framer-motion/dist/es/utils/reduced-motion/use-reduced-motion-config.mjs"
│  was ignored.
│
▲  Vite
│  ../../node_modules/.pnpm/framer-motion@13.4.4_react-dom@19.2.3_react@19.2.3__react@19.2.3/node_modules/framer-motion/dist/es/animation/hooks/use-animate.mjs
│  (1:0): Module level directives cause errors when bundled, "use client"
│  in
│  "../../node_modules/.pnpm/framer-motion@13.4.4_react-dom@19.2.3_react@19.2.3__react@19.2.3/node_modules/framer-motion/dist/es/animation/hooks/use-animate.mjs"
│  was ignored.
│
▲  Vite
│  ../../node_modules/.pnpm/framer-motion@13.4.4_react-dom@19.2.3_react@19.2.3__react@19.2.3/node_modules/framer-motion/dist/es/animation/hooks/use-animate-style.mjs
│  (1:0): Module level directives cause errors when bundled, "use client"
│  in
│  "../../node_modules/.pnpm/framer-motion@13.4.4_react-dom@19.2.3_react@19.2.3__react@19.2.3/node_modules/framer-motion/dist/es/animation/hooks/use-animate-style.mjs"
│  was ignored.
│
▲  Vite
│  ../../node_modules/.pnpm/framer-motion@13.4.4_react-dom@19.2.3_react@19.2.3__react@19.2.3/node_modules/framer-motion/dist/es/animation/hooks/use-animation.mjs
│  (1:0): Module level directives cause errors when bundled, "use client"
│  in
│  "../../node_modules/.pnpm/framer-motion@13.4.4_react-dom@19.2.3_react@19.2.3__react@19.2.3/node_modules/framer-motion/dist/es/animation/hooks/use-animation.mjs"
│  was ignored.
│
▲  Vite
│  ../../node_modules/.pnpm/framer-motion@13.4.4_react-dom@19.2.3_react@19.2.3__react@19.2.3/node_modules/framer-motion/dist/es/components/AnimatePresence/use-presence.mjs
│  (1:0): Module level directives cause errors when bundled, "use client"
│  in
│  "../../node_modules/.pnpm/framer-motion@13.4.4_react-dom@19.2.3_react@19.2.3__react@19.2.3/node_modules/framer-motion/dist/es/components/AnimatePresence/use-presence.mjs"
│  was ignored.
│
▲  Vite
│  ../../node_modules/.pnpm/framer-motion@13.4.4_react-dom@19.2.3_react@19.2.3__react@19.2.3/node_modules/framer-motion/dist/es/components/AnimatePresence/use-presence-data.mjs
│  (1:0): Module level directives cause errors when bundled, "use client"
│  in
│  "../../node_modules/.pnpm/framer-motion@13.4.4_react-dom@19.2.3_react@19.2.3__react@19.2.3/node_modules/framer-motion/dist/es/components/AnimatePresence/use-presence-data.mjs"
│  was ignored.
│
▲  Vite
│  ../../node_modules/.pnpm/framer-motion@13.4.4_react-dom@19.2.3_react@19.2.3__react@19.2.3/node_modules/framer-motion/dist/es/events/use-dom-event.mjs
│  (1:0): Module level directives cause errors when bundled, "use client"
│  in
│  "../../node_modules/.pnpm/framer-motion@13.4.4_react-dom@19.2.3_react@19.2.3__react@19.2.3/node_modules/framer-motion/dist/es/events/use-dom-event.mjs"
│  was ignored.
│
▲  Vite
│  ../../node_modules/.pnpm/framer-motion@13.4.4_react-dom@19.2.3_react@19.2.3__react@19.2.3/node_modules/framer-motion/dist/es/utils/use-animation-frame.mjs
│  (1:0): Module level directives cause errors when bundled, "use client"
│  in
│  "../../node_modules/.pnpm/framer-motion@13.4.4_react-dom@19.2.3_react@19.2.3__react@19.2.3/node_modules/framer-motion/dist/es/utils/use-animation-frame.mjs"
│  was ignored.
│
▲  Vite
│  ../../node_modules/.pnpm/framer-motion@13.4.4_react-dom@19.2.3_react@19.2.3__react@19.2.3/node_modules/framer-motion/dist/es/utils/use-in-view.mjs
│  (1:0): Module level directives cause errors when bundled, "use client"
│  in
│  "../../node_modules/.pnpm/framer-motion@13.4.4_react-dom@19.2.3_react@19.2.3__react@19.2.3/node_modules/framer-motion/dist/es/utils/use-in-view.mjs"
│  was ignored.
│
▲  Vite
│  ../../node_modules/.pnpm/framer-motion@13.4.4_react-dom@19.2.3_react@19.2.3__react@19.2.3/node_modules/framer-motion/dist/es/utils/use-cycle.mjs
│  (1:0): Module level directives cause errors when bundled, "use client"
│  in
│  "../../node_modules/.pnpm/framer-motion@13.4.4_react-dom@19.2.3_react@19.2.3__react@19.2.3/node_modules/framer-motion/dist/es/utils/use-cycle.mjs"
│  was ignored.
│
▲  Vite
│  ../../node_modules/.pnpm/framer-motion@13.4.4_react-dom@19.2.3_react@19.2.3__react@19.2.3/node_modules/framer-motion/dist/es/utils/use-instant-transition.mjs
│  (1:0): Module level directives cause errors when bundled, "use client"
│  in
│  "../../node_modules/.pnpm/framer-motion@13.4.4_react-dom@19.2.3_react@19.2.3__react@19.2.3/node_modules/framer-motion/dist/es/utils/use-instant-transition.mjs"
│  was ignored.
│
▲  Vite
│  ../../node_modules/.pnpm/framer-motion@13.4.4_react-dom@19.2.3_react@19.2.3__react@19.2.3/node_modules/framer-motion/dist/es/utils/use-page-in-view.mjs
│  (1:0): Module level directives cause errors when bundled, "use client"
│  in
│  "../../node_modules/.pnpm/framer-motion@13.4.4_react-dom@19.2.3_react@19.2.3__react@19.2.3/node_modules/framer-motion/dist/es/utils/use-page-in-view.mjs"
│  was ignored.
│
▲  Vite
│  ../../node_modules/.pnpm/framer-motion@13.4.4_react-dom@19.2.3_react@19.2.3__react@19.2.3/node_modules/framer-motion/dist/es/context/LayoutGroupContext.mjs
│  (1:0): Module level directives cause errors when bundled, "use client"
│  in
│  "../../node_modules/.pnpm/framer-motion@13.4.4_react-dom@19.2.3_react@19.2.3__react@19.2.3/node_modules/framer-motion/dist/es/context/LayoutGroupContext.mjs"
│  was ignored.
│
▲  Vite
│  ../../node_modules/.pnpm/framer-motion@13.4.4_react-dom@19.2.3_react@19.2.3__react@19.2.3/node_modules/framer-motion/dist/es/context/MotionConfigContext.mjs
│  (1:0): Module level directives cause errors when bundled, "use client"
│  in
│  "../../node_modules/.pnpm/framer-motion@13.4.4_react-dom@19.2.3_react@19.2.3__react@19.2.3/node_modules/framer-motion/dist/es/context/MotionConfigContext.mjs"
│  was ignored.
│
▲  Vite
│  ../../node_modules/.pnpm/framer-motion@13.4.4_react-dom@19.2.3_react@19.2.3__react@19.2.3/node_modules/framer-motion/dist/es/context/MotionContext/index.mjs
│  (1:0): Module level directives cause errors when bundled, "use client"
│  in
│  "../../node_modules/.pnpm/framer-motion@13.4.4_react-dom@19.2.3_react@19.2.3__react@19.2.3/node_modules/framer-motion/dist/es/context/MotionContext/index.mjs"
│  was ignored.
│
▲  Vite
│  ../../node_modules/.pnpm/framer-motion@13.4.4_react-dom@19.2.3_react@19.2.3__react@19.2.3/node_modules/framer-motion/dist/es/context/PresenceContext.mjs
│  (1:0): Module level directives cause errors when bundled, "use client"
│  in
│  "../../node_modules/.pnpm/framer-motion@13.4.4_react-dom@19.2.3_react@19.2.3__react@19.2.3/node_modules/framer-motion/dist/es/context/PresenceContext.mjs"
│  was ignored.
│
▲  Vite
│  ../../node_modules/.pnpm/framer-motion@13.4.4_react-dom@19.2.3_react@19.2.3__react@19.2.3/node_modules/framer-motion/dist/es/context/SwitchLayoutGroupContext.mjs
│  (1:0): Module level directives cause errors when bundled, "use client"
│  in
│  "../../node_modules/.pnpm/framer-motion@13.4.4_react-dom@19.2.3_react@19.2.3__react@19.2.3/node_modules/framer-motion/dist/es/context/SwitchLayoutGroupContext.mjs"
│  was ignored.
│
▲  Vite
│  ../../node_modules/.pnpm/framer-motion@13.4.4_react-dom@19.2.3_react@19.2.3__react@19.2.3/node_modules/framer-motion/dist/es/animation/hooks/use-animated-state.mjs
│  (1:0): Module level directives cause errors when bundled, "use client"
│  in
│  "../../node_modules/.pnpm/framer-motion@13.4.4_react-dom@19.2.3_react@19.2.3__react@19.2.3/node_modules/framer-motion/dist/es/animation/hooks/use-animated-state.mjs"
│  was ignored.
│
▲  Vite
│  ../../node_modules/.pnpm/framer-motion@13.4.4_react-dom@19.2.3_react@19.2.3__react@19.2.3/node_modules/framer-motion/dist/es/context/DeprecatedLayoutGroupContext.mjs
│  (1:0): Module level directives cause errors when bundled, "use client"
│  in
│  "../../node_modules/.pnpm/framer-motion@13.4.4_react-dom@19.2.3_react@19.2.3__react@19.2.3/node_modules/framer-motion/dist/es/context/DeprecatedLayoutGroupContext.mjs"
│  was ignored.
│
▲  Vite
│  ../../node_modules/.pnpm/framer-motion@13.4.4_react-dom@19.2.3_react@19.2.3__react@19.2.3/node_modules/framer-motion/dist/es/components/AnimateSharedLayout.mjs
│  (1:0): Module level directives cause errors when bundled, "use client"
│  in
│  "../../node_modules/.pnpm/framer-motion@13.4.4_react-dom@19.2.3_react@19.2.3__react@19.2.3/node_modules/framer-motion/dist/es/components/AnimateSharedLayout.mjs"
│  was ignored.
│
▲  Vite
│  ../../node_modules/.pnpm/framer-motion@13.4.4_react-dom@19.2.3_react@19.2.3__react@19.2.3/node_modules/framer-motion/dist/es/value/use-inverted-scale.mjs
│  (1:0): Module level directives cause errors when bundled, "use client"
│  in
│  "../../node_modules/.pnpm/framer-motion@13.4.4_react-dom@19.2.3_react@19.2.3__react@19.2.3/node_modules/framer-motion/dist/es/value/use-inverted-scale.mjs"
│  was ignored.
│
▲  Vite
│  ../../node_modules/.pnpm/framer-motion@13.4.4_react-dom@19.2.3_react@19.2.3__react@19.2.3/node_modules/framer-motion/dist/es/utils/use-constant.mjs
│  (1:0): Module level directives cause errors when bundled, "use client"
│  in
│  "../../node_modules/.pnpm/framer-motion@13.4.4_react-dom@19.2.3_react@19.2.3__react@19.2.3/node_modules/framer-motion/dist/es/utils/use-constant.mjs"
│  was ignored.
│
▲  Vite
│  ../../node_modules/.pnpm/framer-motion@13.4.4_react-dom@19.2.3_react@19.2.3__react@19.2.3/node_modules/framer-motion/dist/es/context/LazyContext.mjs
│  (1:0): Module level directives cause errors when bundled, "use client"
│  in
│  "../../node_modules/.pnpm/framer-motion@13.4.4_react-dom@19.2.3_react@19.2.3__react@19.2.3/node_modules/framer-motion/dist/es/context/LazyContext.mjs"
│  was ignored.
│
▲  Vite
│  ../../node_modules/.pnpm/framer-motion@13.4.4_react-dom@19.2.3_react@19.2.3__react@19.2.3/node_modules/framer-motion/dist/es/utils/use-is-mounted.mjs
│  (1:0): Module level directives cause errors when bundled, "use client"
│  in
│  "../../node_modules/.pnpm/framer-motion@13.4.4_react-dom@19.2.3_react@19.2.3__react@19.2.3/node_modules/framer-motion/dist/es/utils/use-is-mounted.mjs"
│  was ignored.
│
▲  Vite
│  ../../node_modules/.pnpm/framer-motion@13.4.4_react-dom@19.2.3_react@19.2.3__react@19.2.3/node_modules/framer-motion/dist/es/value/use-combine-values.mjs
│  (1:0): Module level directives cause errors when bundled, "use client"
│  in
│  "../../node_modules/.pnpm/framer-motion@13.4.4_react-dom@19.2.3_react@19.2.3__react@19.2.3/node_modules/framer-motion/dist/es/value/use-combine-values.mjs"
│  was ignored.
│
▲  Vite
│  ../../node_modules/.pnpm/framer-motion@13.4.4_react-dom@19.2.3_react@19.2.3__react@19.2.3/node_modules/framer-motion/dist/es/value/use-computed.mjs
│  (1:0): Module level directives cause errors when bundled, "use client"
│  in
│  "../../node_modules/.pnpm/framer-motion@13.4.4_react-dom@19.2.3_react@19.2.3__react@19.2.3/node_modules/framer-motion/dist/es/value/use-computed.mjs"
│  was ignored.
│
▲  Vite
│  ../../node_modules/.pnpm/framer-motion@13.4.4_react-dom@19.2.3_react@19.2.3__react@19.2.3/node_modules/framer-motion/dist/es/components/Reorder/Item.mjs
│  (1:0): Module level directives cause errors when bundled, "use client"
│  in
│  "../../node_modules/.pnpm/framer-motion@13.4.4_react-dom@19.2.3_react@19.2.3__react@19.2.3/node_modules/framer-motion/dist/es/components/Reorder/Item.mjs"
│  was ignored.
│
▲  Vite
│  ../../node_modules/.pnpm/framer-motion@13.4.4_react-dom@19.2.3_react@19.2.3__react@19.2.3/node_modules/framer-motion/dist/es/components/Reorder/Group.mjs
│  (1:0): Module level directives cause errors when bundled, "use client"
│  in
│  "../../node_modules/.pnpm/framer-motion@13.4.4_react-dom@19.2.3_react@19.2.3__react@19.2.3/node_modules/framer-motion/dist/es/components/Reorder/Group.mjs"
│  was ignored.
│
▲  Vite
│  ../../node_modules/.pnpm/framer-motion@13.4.4_react-dom@19.2.3_react@19.2.3__react@19.2.3/node_modules/framer-motion/dist/es/utils/reduced-motion/use-reduced-motion.mjs
│  (1:0): Module level directives cause errors when bundled, "use client"
│  in
│  "../../node_modules/.pnpm/framer-motion@13.4.4_react-dom@19.2.3_react@19.2.3__react@19.2.3/node_modules/framer-motion/dist/es/utils/reduced-motion/use-reduced-motion.mjs"
│  was ignored.
│
▲  Vite
│  ../../node_modules/.pnpm/framer-motion@13.4.4_react-dom@19.2.3_react@19.2.3__react@19.2.3/node_modules/framer-motion/dist/es/components/AnimatePresence/index.mjs
│  (1:0): Module level directives cause errors when bundled, "use client"
│  in
│  "../../node_modules/.pnpm/framer-motion@13.4.4_react-dom@19.2.3_react@19.2.3__react@19.2.3/node_modules/framer-motion/dist/es/components/AnimatePresence/index.mjs"
│  was ignored.
│
▲  Vite
│  ../../node_modules/.pnpm/framer-motion@13.4.4_react-dom@19.2.3_react@19.2.3__react@19.2.3/node_modules/framer-motion/dist/es/motion/features/layout/MeasureLayout.mjs
│  (1:0): Module level directives cause errors when bundled, "use client"
│  in
│  "../../node_modules/.pnpm/framer-motion@13.4.4_react-dom@19.2.3_react@19.2.3__react@19.2.3/node_modules/framer-motion/dist/es/motion/features/layout/MeasureLayout.mjs"
│  was ignored.
│
▲  Vite
│  ../../node_modules/.pnpm/framer-motion@13.4.4_react-dom@19.2.3_react@19.2.3__react@19.2.3/node_modules/framer-motion/dist/es/context/ReorderContext.mjs
│  (1:0): Module level directives cause errors when bundled, "use client"
│  in
│  "../../node_modules/.pnpm/framer-motion@13.4.4_react-dom@19.2.3_react@19.2.3__react@19.2.3/node_modules/framer-motion/dist/es/context/ReorderContext.mjs"
│  was ignored.
│
▲  Vite
│  ../../node_modules/.pnpm/framer-motion@13.4.4_react-dom@19.2.3_react@19.2.3__react@19.2.3/node_modules/framer-motion/dist/es/motion/index.mjs
│  (1:0): Module level directives cause errors when bundled, "use client"
│  in
│  "../../node_modules/.pnpm/framer-motion@13.4.4_react-dom@19.2.3_react@19.2.3__react@19.2.3/node_modules/framer-motion/dist/es/motion/index.mjs"
│  was ignored.
│
▲  Vite
│  ../../node_modules/.pnpm/framer-motion@13.4.4_react-dom@19.2.3_react@19.2.3__react@19.2.3/node_modules/framer-motion/dist/es/render/html/use-html-visual-state.mjs
│  (1:0): Module level directives cause errors when bundled, "use client"
│  in
│  "../../node_modules/.pnpm/framer-motion@13.4.4_react-dom@19.2.3_react@19.2.3__react@19.2.3/node_modules/framer-motion/dist/es/render/html/use-html-visual-state.mjs"
│  was ignored.
│
▲  Vite
│  ../../node_modules/.pnpm/framer-motion@13.4.4_react-dom@19.2.3_react@19.2.3__react@19.2.3/node_modules/framer-motion/dist/es/render/dom/use-render.mjs
│  (1:0): Module level directives cause errors when bundled, "use client"
│  in
│  "../../node_modules/.pnpm/framer-motion@13.4.4_react-dom@19.2.3_react@19.2.3__react@19.2.3/node_modules/framer-motion/dist/es/render/dom/use-render.mjs"
│  was ignored.
│
▲  Vite
│  ../../node_modules/.pnpm/framer-motion@13.4.4_react-dom@19.2.3_react@19.2.3__react@19.2.3/node_modules/framer-motion/dist/es/context/MotionContext/create.mjs
│  (1:0): Module level directives cause errors when bundled, "use client"
│  in
│  "../../node_modules/.pnpm/framer-motion@13.4.4_react-dom@19.2.3_react@19.2.3__react@19.2.3/node_modules/framer-motion/dist/es/context/MotionContext/create.mjs"
│  was ignored.
│
▲  Vite
│  ../../node_modules/.pnpm/framer-motion@13.4.4_react-dom@19.2.3_react@19.2.3__react@19.2.3/node_modules/framer-motion/dist/es/render/svg/use-svg-visual-state.mjs
│  (1:0): Module level directives cause errors when bundled, "use client"
│  in
│  "../../node_modules/.pnpm/framer-motion@13.4.4_react-dom@19.2.3_react@19.2.3__react@19.2.3/node_modules/framer-motion/dist/es/render/svg/use-svg-visual-state.mjs"
│  was ignored.
│
▲  Vite
│  ../../node_modules/.pnpm/framer-motion@13.4.4_react-dom@19.2.3_react@19.2.3__react@19.2.3/node_modules/framer-motion/dist/es/motion/utils/use-motion-ref.mjs
│  (1:0): Module level directives cause errors when bundled, "use client"
│  in
│  "../../node_modules/.pnpm/framer-motion@13.4.4_react-dom@19.2.3_react@19.2.3__react@19.2.3/node_modules/framer-motion/dist/es/motion/utils/use-motion-ref.mjs"
│  was ignored.
│
▲  Vite
│  ../../node_modules/.pnpm/framer-motion@13.4.4_react-dom@19.2.3_react@19.2.3__react@19.2.3/node_modules/framer-motion/dist/es/motion/utils/use-visual-element.mjs
│  (1:0): Module level directives cause errors when bundled, "use client"
│  in
│  "../../node_modules/.pnpm/framer-motion@13.4.4_react-dom@19.2.3_react@19.2.3__react@19.2.3/node_modules/framer-motion/dist/es/motion/utils/use-visual-element.mjs"
│  was ignored.
│
▲  Vite
│  ../../node_modules/.pnpm/framer-motion@13.4.4_react-dom@19.2.3_react@19.2.3__react@19.2.3/node_modules/framer-motion/dist/es/render/html/use-props.mjs
│  (1:0): Module level directives cause errors when bundled, "use client"
│  in
│  "../../node_modules/.pnpm/framer-motion@13.4.4_react-dom@19.2.3_react@19.2.3__react@19.2.3/node_modules/framer-motion/dist/es/render/html/use-props.mjs"
│  was ignored.
│
▲  Vite
│  ../../node_modules/.pnpm/framer-motion@13.4.4_react-dom@19.2.3_react@19.2.3__react@19.2.3/node_modules/framer-motion/dist/es/render/svg/use-props.mjs
│  (1:0): Module level directives cause errors when bundled, "use client"
│  in
│  "../../node_modules/.pnpm/framer-motion@13.4.4_react-dom@19.2.3_react@19.2.3__react@19.2.3/node_modules/framer-motion/dist/es/render/svg/use-props.mjs"
│  was ignored.
│  Vite ✓ 832 modules transformed.
│  Vite rendering chunks...
│  Vite computing gzip size...
│  Vite storybook-static/iframe.html
│  18.83 kB │ gzip:   5.28 kB
│  Vite storybook-static/assets/iframe-DLo1ia8a.css
│  179.03 kB │ gzip:  23.83 kB
│  Vite storybook-static/assets/index-CFPmwPja.js
│  0.13 kB │ gzip:   0.12 kB
│  Vite storybook-static/assets/thinking-orb-recipe-_HeoKBXb.js
│  0.15 kB │ gzip:   0.15 kB
│  Vite storybook-static/assets/counter-badge-BQhzmHAE.js
│  0.27 kB │ gzip:   0.21 kB
│  Vite storybook-static/assets/formatter-L2YTDE3Q-BpfLLkSk.js
│  0.32 kB │ gzip:   0.24 kB
│  Vite storybook-static/assets/icon-button-recipe-D9ca3cLM.js
│  0.83 kB │ gzip:   0.39 kB
│  Vite storybook-static/assets/top-Cy-qBJFr.js
│  0.94 kB │ gzip:   0.46 kB
│  Vite storybook-static/assets/selection-helpers-BbLA84Cw.js
│  1.11 kB │ gzip:   0.49 kB
│  Vite storybook-static/assets/ThinkingOrb.stories-CxFVOgBr.js
│  1.14 kB │ gzip:   0.60 kB
│  Vite storybook-static/assets/heading-CIuJwtG1.js
│  1.16 kB │ gzip:   0.66 kB
│  Vite storybook-static/assets/context-menu-gJcWZCPS.js
│  1.21 kB │ gzip:   0.69 kB
│  Vite storybook-static/assets/preload-helper-PPVm8Dsz.js
│  1.23 kB │ gzip:   0.72 kB
│  Vite storybook-static/assets/qr-code-recipe-DTUByM-3.js
│  1.26 kB │ gzip:   0.67 kB
│  Vite storybook-static/assets/sheet-CoZDZFHj.js
│  1.27 kB │ gzip:   0.66 kB
│  Vite storybook-static/assets/Typography.stories-CT8EAM_P.js
│  1.49 kB │ gzip:   0.80 kB
│  Vite storybook-static/assets/anchor-bLH_Ux4-.js
│  1.53 kB │ gzip:   0.83 kB
│  Vite storybook-static/assets/top-bar-BuXmyX03.js
│  1.55 kB │ gzip:   0.73 kB
│  Vite storybook-static/assets/tag-DF-Xmdqb.js
│  1.56 kB │ gzip:   0.72 kB
│  Vite storybook-static/assets/asset-iLAl7Ry-.js
│  1.57 kB │ gzip:   0.85 kB
│  Vite storybook-static/assets/InputSheet.stories-El1zuQIX.js
│  1.59 kB │ gzip:   0.92 kB
│  Vite storybook-static/assets/bottom-cta-D5oVKSXB.js
│  1.65 kB │ gzip:   0.77 kB
│  Vite storybook-static/assets/date-range-4FYLE6Qn.js
│  1.70 kB │ gzip:   0.83 kB
│  Vite storybook-static/assets/top-BxvLcWXi.js
│  1.73 kB │ gzip:   0.84 kB
│  Vite storybook-static/assets/Carousel.stories-DAbkj0P2.js
│  1.76 kB │ gzip:   0.98 kB
│  Vite storybook-static/assets/Colors.stories-B7qlPy7G.js
│  1.83 kB │ gzip:   0.87 kB
│  Vite storybook-static/assets/splitter-DEmwXNjM.js
│  1.87 kB │ gzip:   0.97 kB
│  Vite storybook-static/assets/floating-action-button-CH7ihSc2.js
│  2.00 kB │ gzip:   1.09 kB
│  Vite storybook-static/assets/toast-B5XvNhWL.js
│  2.00 kB │ gzip:   0.95 kB
│  Vite storybook-static/assets/image-BwHdQdh9.js
│  2.01 kB │ gzip:   0.91 kB
│  Vite storybook-static/assets/toast-ibsFXkQo.js
│  2.04 kB │ gzip:   0.82 kB
│  Vite storybook-static/assets/result-CVcVgDyU.js
│  2.09 kB │ gzip:   0.91 kB
│  Vite storybook-static/assets/actions-CL4-8Pm-.js
│  2.39 kB │ gzip:   0.93 kB
│  Vite storybook-static/assets/ToastLayout.stories-8Ia5kS52.js
│  2.41 kB │ gzip:   0.97 kB
│  Vite storybook-static/assets/transfer-list-Ck5EUjwo.js
│  2.42 kB │ gzip:   1.09 kB
│  Vite storybook-static/assets/icon-ZIFetVYR.js
│  2.42 kB │ gzip:   0.90 kB
│  Vite storybook-static/assets/slider-B6EcclRq.js
│  2.48 kB │ gzip:   1.26 kB
│  Vite storybook-static/assets/floating-action-button-UDzHavHP.js
│  2.59 kB │ gzip:   1.13 kB
│  Vite storybook-static/assets/EnvironmentMatrix.stories-CYxUOxP1.js
│  2.73 kB │ gzip:   1.21 kB
│  Vite storybook-static/assets/collection-ROo59Ik-.js
│  2.74 kB │ gzip:   1.13 kB
│  Vite storybook-static/assets/component-definitions-DFFSRqC6.js
│  2.94 kB │ gzip:   1.39 kB
│  Vite storybook-static/assets/SpacingAndMotion.stories-yjgEujX5.js
│  2.98 kB │ gzip:   0.99 kB
│  Vite storybook-static/assets/NotificationSettings.stories-C3-S9Mtw.js
│  3.03 kB │ gzip:   1.56 kB
│  Vite storybook-static/assets/menubar-BjchYQ8O.js
│  3.06 kB │ gzip:   1.43 kB
│  Vite storybook-static/assets/carousel-DAoKoFuG.js
│  3.08 kB │ gzip:   1.44 kB
│  Vite storybook-static/assets/carousel-CpEFuhQR.js
│  3.10 kB │ gzip:   1.41 kB
│  Vite storybook-static/assets/Rating.stories-DKAQQpOf.js
│  3.21 kB │ gzip:   1.50 kB
│  Vite storybook-static/assets/slider-P6Iiyfjc.js
│  3.22 kB │ gzip:   1.40 kB
│  Vite storybook-static/assets/timeline-BR70Gtza.js
│  3.23 kB │ gzip:   1.19 kB
│  Vite storybook-static/assets/Catalog.stories-D8o88wBk.js
│  3.46 kB │ gzip:   1.49 kB
│  Vite storybook-static/assets/number-field-CIE6zmt4.js
│  3.46 kB │ gzip:   1.55 kB
│  Vite storybook-static/assets/Calendar.stories-R2k9lZwX.js
│  3.56 kB │ gzip:   1.52 kB
│  Vite storybook-static/assets/index-Cfw6xHzU.js
│  3.66 kB │ gzip:   1.38 kB
│  Vite storybook-static/assets/Foundation.stories-wUhcugEc.js
│  3.73 kB │ gzip:   1.52 kB
│  Vite storybook-static/assets/Infrastructure.stories-BmClc3Bt.js
│  3.82 kB │ gzip:   1.55 kB
│  Vite storybook-static/assets/display-thQm5f3e.js
│  3.92 kB │ gzip:   1.28 kB
│  Vite storybook-static/assets/tour-iJUCEMN-.js
│  3.95 kB │ gzip:   1.52 kB
│  Vite storybook-static/assets/Actions.stories-yzFfXQ4w.js
│  4.20 kB │ gzip:   1.60 kB
│  Vite storybook-static/assets/feedback-bE8d8fvm.js
│  4.21 kB │ gzip:   1.39 kB
│  Vite storybook-static/assets/FloatingActionButton.stories-D0gevuFi.js
│  4.24 kB │ gzip:   1.92 kB
│  Vite storybook-static/assets/password-field-DKT1XD5o.js
│  4.29 kB │ gzip:   1.70 kB
│  Vite storybook-static/assets/Asset.stories-D9_EhiLZ.js
│  4.33 kB │ gzip:   1.58 kB
│  Vite storybook-static/assets/tags-input-BMlEQxml.js
│  4.43 kB │ gzip:   1.91 kB
│  Vite storybook-static/assets/TimeSelection.stories-DXtKHp4d.js
│  4.57 kB │ gzip:   1.95 kB
│  Vite storybook-static/assets/calendar-DrdF5LxQ.js
│  4.63 kB │ gzip:   2.03 kB
│  Vite storybook-static/assets/Overlays.stories-wvSmC9TA.js
│  4.70 kB │ gzip:   1.69 kB
│  Vite storybook-static/assets/sidebar-BJUXLJhx.js
│  4.79 kB │ gzip:   1.90 kB
│  Vite storybook-static/assets/Feedback.stories-CvPP5bKS.js
│  4.86 kB │ gzip:   1.74 kB
│  Vite storybook-static/assets/modal-BuB1TK32.js
│  4.91 kB │ gzip:   2.19 kB
│  Vite storybook-static/assets/calendar-C0kLjwmt.js
│  5.12 kB │ gzip:   2.12 kB
│  Vite storybook-static/assets/Layout.stories-CR6oF_yY.js
│  5.21 kB │ gzip:   1.80 kB
│  Vite storybook-static/assets/Navigation.stories-D2dASs1c.js
│  5.23 kB │ gzip:   1.79 kB
│  Vite storybook-static/assets/portal-D0hjuWPF.js
│  5.39 kB │ gzip:   2.08 kB
│  Vite storybook-static/assets/data-table-C-IIH2mS.js
│  5.42 kB │ gzip:   2.22 kB
│  Vite storybook-static/assets/layout-DWBaMV27.js
│  5.65 kB │ gzip:   2.30 kB
│  Vite storybook-static/assets/Heading.stories--m6FWcmF.js
│  5.73 kB │ gzip:   1.95 kB
│  Vite storybook-static/assets/layout-BARwz6nj.js
│  6.30 kB │ gzip:   2.46 kB
│  Vite storybook-static/assets/auth-screen-mGS1F2LT.js
│  6.67 kB │ gzip:   2.68 kB
│  Vite storybook-static/assets/tree-Bh__QZWi.js
│  6.69 kB │ gzip:   2.68 kB
│  Vite storybook-static/assets/popover-CxZ1pNPO.js
│  6.72 kB │ gzip:   2.89 kB
│  Vite storybook-static/assets/component-references-Nqe5UxQ6.js
│  6.80 kB │ gzip:   1.50 kB
│  Vite storybook-static/assets/DataDisplay.stories-xJyzmUjV.js
│  6.86 kB │ gzip:   2.10 kB
│  Vite storybook-static/assets/Anchor.stories-Cfz0l4Zi.js
│  6.97 kB │ gzip:   3.26 kB
│  Vite storybook-static/assets/pagination-KSSLDap7.js
│  7.71 kB │ gzip:   2.66 kB
│  Vite storybook-static/assets/Sidebar.stories-BkDwzwri.js
│  7.86 kB │ gzip:   2.92 kB
│  Vite storybook-static/assets/forms-D1Iu7-sN.js
│  7.90 kB │ gzip:   2.68 kB
│  Vite storybook-static/assets/Splitter.stories-AhnXT-o4.js
│  8.04 kB │ gzip:   3.22 kB
│  Vite storybook-static/assets/WebNavigation.stories-wYcrSiW6.js
│  8.22 kB │ gzip:   3.08 kB
│  Vite storybook-static/assets/Tour.stories-CXaR-YgG.js
│  8.28 kB │ gzip:   3.45 kB
│  Vite storybook-static/assets/Inputs.stories-DN9xwXJ1.js
│  8.67 kB │ gzip:   2.39 kB
│  Vite storybook-static/assets/select-CQV4KAmZ.js
│  8.79 kB │ gzip:   3.33 kB
│  Vite storybook-static/assets/Popover.stories-BhcWU8Ub.js
│  8.83 kB │ gzip:   3.30 kB
│  Vite storybook-static/assets/ToggleGroup.stories-c_DCnA1t.js
│  9.23 kB │ gzip:   3.53 kB
│  Vite storybook-static/assets/DateRange.stories-DosP314D.js
│  9.58 kB │ gzip:   3.55 kB
│  Vite storybook-static/assets/selection-DU9vucCc.js
│  10.97 kB │ gzip:   3.06 kB
│  Vite storybook-static/assets/ComponentExplorer.stories-DvKmlMEe.js
│  11.26 kB │ gzip:   3.85 kB
│  Vite storybook-static/assets/SidePanel.stories-D9e2_HEw.js
│  11.38 kB │ gzip:   4.42 kB
│  Vite storybook-static/assets/advanced-display-BevDQ5to.js
│  11.45 kB │ gzip:   3.80 kB
│  Vite storybook-static/assets/TextFormat.stories-DrG1KK9t.js
│  12.14 kB │ gzip:   4.81 kB
│  Vite storybook-static/assets/Disclosure.stories-Dk9694mk.js
│  12.38 kB │ gzip:   4.36 kB
│  Vite storybook-static/assets/CommandPalette.stories-CmySP19p.js
│  13.24 kB │ gzip:   5.10 kB
│  Vite storybook-static/assets/TransferList.stories-CEtpon9E.js
│  13.30 kB │ gzip:   5.07 kB
│  Vite storybook-static/assets/Agreement.stories-eq0na0GF.js
│  13.36 kB │ gzip:   4.52 kB
│  Vite storybook-static/assets/text-formats-BZ2Tlt6-.js
│  13.53 kB │ gzip:   4.88 kB
│  Vite storybook-static/assets/Tree.stories-CSyNMPxx.js
│  14.34 kB │ gzip:   4.82 kB
│  Vite storybook-static/assets/Introduction.stories-CT5P1j7W.js
│  14.56 kB │ gzip:   4.76 kB
│  Vite storybook-static/assets/thinking-orb-Bz-lYLEi.js
│  14.77 kB │ gzip:   6.27 kB
│  Vite storybook-static/assets/overlays-HGLJ39rl.js
│  20.40 kB │ gzip:   6.50 kB
│  Vite storybook-static/assets/DataLayouts.stories-BNXlvKQI.js
│  27.67 kB │ gzip:  10.46 kB
│  Vite storybook-static/vite-inject-mocker-entry.js
│  28.11 kB │ gzip:   9.77 kB
│  Vite storybook-static/assets/matchers-JIUQ3HVY-N4FjKbka.js
│  29.23 kB │ gzip:  10.00 kB
│  Vite storybook-static/assets/Color-6AOWCN3U-CgCJOYIl.js
│  30.21 kB │ gzip:  11.36 kB
│  Vite storybook-static/assets/showcase-bV1VLcet.js
│  31.96 kB │ gzip:   9.09 kB
│  Vite storybook-static/assets/WithTooltip-CDUNV5IS-Cei6FnvS.js
│  33.17 kB │ gzip:  11.65 kB
│  Vite storybook-static/assets/behaviors-CB5YKA8V.js
│  34.81 kB │ gzip:   9.72 kB
│  Vite storybook-static/assets/story-factory-B3IyQ5fn.js
│  68.29 kB │ gzip:  22.09 kB
│  Vite storybook-static/assets/syntaxhighlighter-4REYKNEV-CpPqK-T5.js
│  78.02 kB │ gzip:  27.02 kB
│  Vite storybook-static/assets/OptionalMotion.stories-CBkjabih.js
│  157.90 kB │ gzip:  52.10 kB
│  Vite storybook-static/assets/react-18-DGyGEyTV.js
│  181.13 kB │ gzip:  56.97 kB
│  Vite storybook-static/assets/axe-BOcB4vPw.js
│  600.42 kB │ gzip: 164.99 kB
│  Vite storybook-static/assets/DocsRenderer-JROSPFPF-9bAK-ODy.js
│  841.80 kB │ gzip: 267.74 kB
│  Vite storybook-static/assets/iframe-DktpoS8Y.js
│  1,218.66 kB │ gzip: 345.65 kB
│
▲  Vite
│  (!) Some chunks are larger than 500 kB after minification. Consider:
│  - Using dynamic import() to code-split the application
│  - Use build.rollupOptions.output.manualChunks to improve chunking:
│  ]8;;https://rollupjs.org/configuration-options/#output-manualchunkshttps://rollupjs.org/configuration-options/#output-manualchunks]8;;
│  - Adjust chunk size limit for this warning via
│  build.chunkSizeWarningLimit.
│  Vite ✓ built in 6.80s
│
◇  Output directory:
│  /Users/jimin/Developer/app-portfolio/packages/hjm-design-system/showcase/web/storybook-static
│
└  Storybook build completed successfully

$ node scripts/verify-static.mjs
Verified 108 canonical component stories (100 Web renderers, 8 contract-only, 0 Web unsupported) and 13 navigation pages.
Verified release artifacts for HJM 1.7.0.
